Archive member included to satisfy reference by file (symbol)

/Applications/STM32CubeIDE.app/Contents/Eclipse/plugins/com.st.stm32cube.ide.mcu.externaltools.gnu-tools-for-stm32.7-2018-q2-update.macos64_1.4.0.202007081208/tools/bin/../lib/gcc/arm-none-eabi/7.3.1/../../../../arm-none-eabi/lib/thumb/v7e-m/fpv4-sp/hard/libc_nano.a(lib_a-errno.o)
                              Core/Src/syscalls.o (__errno)
/Applications/STM32CubeIDE.app/Contents/Eclipse/plugins/com.st.stm32cube.ide.mcu.externaltools.gnu-tools-for-stm32.7-2018-q2-update.macos64_1.4.0.202007081208/tools/bin/../lib/gcc/arm-none-eabi/7.3.1/../../../../arm-none-eabi/lib/thumb/v7e-m/fpv4-sp/hard/libc_nano.a(lib_a-exit.o)
                              /Applications/STM32CubeIDE.app/Contents/Eclipse/plugins/com.st.stm32cube.ide.mcu.externaltools.gnu-tools-for-stm32.7-2018-q2-update.macos64_1.4.0.202007081208/tools/bin/../lib/gcc/arm-none-eabi/7.3.1/../../../../arm-none-eabi/lib/thumb/v7e-m/fpv4-sp/hard/crt0.o (exit)
/Applications/STM32CubeIDE.app/Contents/Eclipse/plugins/com.st.stm32cube.ide.mcu.externaltools.gnu-tools-for-stm32.7-2018-q2-update.macos64_1.4.0.202007081208/tools/bin/../lib/gcc/arm-none-eabi/7.3.1/../../../../arm-none-eabi/lib/thumb/v7e-m/fpv4-sp/hard/libc_nano.a(lib_a-impure.o)
                              /Applications/STM32CubeIDE.app/Contents/Eclipse/plugins/com.st.stm32cube.ide.mcu.externaltools.gnu-tools-for-stm32.7-2018-q2-update.macos64_1.4.0.202007081208/tools/bin/../lib/gcc/arm-none-eabi/7.3.1/../../../../arm-none-eabi/lib/thumb/v7e-m/fpv4-sp/hard/libc_nano.a(lib_a-exit.o) (_global_impure_ptr)
/Applications/STM32CubeIDE.app/Contents/Eclipse/plugins/com.st.stm32cube.ide.mcu.externaltools.gnu-tools-for-stm32.7-2018-q2-update.macos64_1.4.0.202007081208/tools/bin/../lib/gcc/arm-none-eabi/7.3.1/../../../../arm-none-eabi/lib/thumb/v7e-m/fpv4-sp/hard/libc_nano.a(lib_a-init.o)
                              /Applications/STM32CubeIDE.app/Contents/Eclipse/plugins/com.st.stm32cube.ide.mcu.externaltools.gnu-tools-for-stm32.7-2018-q2-update.macos64_1.4.0.202007081208/tools/bin/../lib/gcc/arm-none-eabi/7.3.1/../../../../arm-none-eabi/lib/thumb/v7e-m/fpv4-sp/hard/crt0.o (__libc_init_array)
/Applications/STM32CubeIDE.app/Contents/Eclipse/plugins/com.st.stm32cube.ide.mcu.externaltools.gnu-tools-for-stm32.7-2018-q2-update.macos64_1.4.0.202007081208/tools/bin/../lib/gcc/arm-none-eabi/7.3.1/../../../../arm-none-eabi/lib/thumb/v7e-m/fpv4-sp/hard/libc_nano.a(lib_a-memcpy-stub.o)
                              Middlewares/Third_Party/FreeRTOS/Source/CMSIS_RTOS_V2/cmsis_os2.o (memcpy)
/Applications/STM32CubeIDE.app/Contents/Eclipse/plugins/com.st.stm32cube.ide.mcu.externaltools.gnu-tools-for-stm32.7-2018-q2-update.macos64_1.4.0.202007081208/tools/bin/../lib/gcc/arm-none-eabi/7.3.1/../../../../arm-none-eabi/lib/thumb/v7e-m/fpv4-sp/hard/libc_nano.a(lib_a-memset.o)
                              /Applications/STM32CubeIDE.app/Contents/Eclipse/plugins/com.st.stm32cube.ide.mcu.externaltools.gnu-tools-for-stm32.7-2018-q2-update.macos64_1.4.0.202007081208/tools/bin/../lib/gcc/arm-none-eabi/7.3.1/../../../../arm-none-eabi/lib/thumb/v7e-m/fpv4-sp/hard/crt0.o (memset)
/Applications/STM32CubeIDE.app/Contents/Eclipse/plugins/com.st.stm32cube.ide.mcu.externaltools.gnu-tools-for-stm32.7-2018-q2-update.macos64_1.4.0.202007081208/tools/bin/../lib/gcc/arm-none-eabi/7.3.1/thumb/v7e-m/fpv4-sp/hard/libgcc.a(_aeabi_uldivmod.o)
                              Drivers/STM32F4xx_HAL_Driver/Src/stm32f4xx_hal_rcc.o (__aeabi_uldivmod)
/Applications/STM32CubeIDE.app/Contents/Eclipse/plugins/com.st.stm32cube.ide.mcu.externaltools.gnu-tools-for-stm32.7-2018-q2-update.macos64_1.4.0.202007081208/tools/bin/../lib/gcc/arm-none-eabi/7.3.1/thumb/v7e-m/fpv4-sp/hard/libgcc.a(_udivmoddi4.o)
                              /Applications/STM32CubeIDE.app/Contents/Eclipse/plugins/com.st.stm32cube.ide.mcu.externaltools.gnu-tools-for-stm32.7-2018-q2-update.macos64_1.4.0.202007081208/tools/bin/../lib/gcc/arm-none-eabi/7.3.1/thumb/v7e-m/fpv4-sp/hard/libgcc.a(_aeabi_uldivmod.o) (__udivmoddi4)
/Applications/STM32CubeIDE.app/Contents/Eclipse/plugins/com.st.stm32cube.ide.mcu.externaltools.gnu-tools-for-stm32.7-2018-q2-update.macos64_1.4.0.202007081208/tools/bin/../lib/gcc/arm-none-eabi/7.3.1/thumb/v7e-m/fpv4-sp/hard/libgcc.a(_dvmd_tls.o)
                              /Applications/STM32CubeIDE.app/Contents/Eclipse/plugins/com.st.stm32cube.ide.mcu.externaltools.gnu-tools-for-stm32.7-2018-q2-update.macos64_1.4.0.202007081208/tools/bin/../lib/gcc/arm-none-eabi/7.3.1/thumb/v7e-m/fpv4-sp/hard/libgcc.a(_aeabi_uldivmod.o) (__aeabi_ldiv0)

Allocating common symbols
Common symbol       size              file

defaultTaskHandle   0x4               Core/Src/main.o
hspi2               0x58              Core/Src/main.o
uartData            0x10              Core/Src/main.o
ModbusH             0x8c              Core/Src/main.o
imuDataTaskHandle   0x4               Core/Src/main.o
[...]
Memory Configuration

Name             Origin             Length             Attributes
RAM              0x0000000020000000 0x0000000000020000 xrw
FLASH            0x0000000008008000 0x0000000000078000 xr
*default*        0x0000000000000000 0xffffffffffffffff

Linker script and memory map

LOAD /Applications/STM32CubeIDE.app/Contents/Eclipse/plugins/com.st.stm32cube.ide.mcu.externaltools.gnu-tools-for-stm32.7-2018-q2-update.macos64_1.4.0.202007081208/tools/bin/../lib/gcc/arm-none-eabi/7.3.1/thumb/v7e-m/fpv4-sp/hard/crti.o
LOAD /Applications/STM32CubeIDE.app/Contents/Eclipse/plugins/com.st.stm32cube.ide.mcu.externaltools.gnu-tools-for-stm32.7-2018-q2-update.macos64_1.4.0.202007081208/tools/bin/../lib/gcc/arm-none-eabi/7.3.1/thumb/v7e-m/fpv4-sp/hard/crtbegin.o
LOAD /Applications/STM32CubeIDE.app/Contents/Eclipse/plugins/com.st.stm32cube.ide.mcu.externaltools.gnu-tools-for-stm32.7-2018-q2-update.macos64_1.4.0.202007081208/tools/bin/../lib/gcc/arm-none-eabi/7.3.1/../../../../arm-none-eabi/lib/thumb/v7e-m/fpv4-sp/hard/crt0.o
LOAD Core/Src/freertos.o
LOAD Core/Src/main.o
LOAD Core/Src/stm32f4xx_hal_msp.o
LOAD Core/Src/stm32f4xx_hal_timebase_tim.o
LOAD Core/Src/stm32f4xx_it.o
LOAD Core/Src/syscalls.o
LOAD Core/Src/sysmem.o
LOAD Core/Src/system_stm32f4xx.o
LOAD Core/Startup/startup_stm32f411ceux.o
LOAD Drivers/STM32F4xx_HAL_Driver/Src/stm32f4xx_hal.o
LOAD Drivers/STM32F4xx_HAL_Driver/Src/stm32f4xx_hal_cortex.o
LOAD Drivers/STM32F4xx_HAL_Driver/Src/stm32f4xx_hal_dma.o
LOAD Drivers/STM32F4xx_HAL_Driver/Src/stm32f4xx_hal_dma_ex.o
LOAD Drivers/STM32F4xx_HAL_Driver/Src/stm32f4xx_hal_exti.o
LOAD Drivers/STM32F4xx_HAL_Driver/Src/stm32f4xx_hal_flash.o
LOAD Drivers/STM32F4xx_HAL_Driver/Src/stm32f4xx_hal_flash_ex.o
LOAD Drivers/STM32F4xx_HAL_Driver/Src/stm32f4xx_hal_flash_ramfunc.o
LOAD Drivers/STM32F4xx_HAL_Driver/Src/stm32f4xx_hal_gpio.o
LOAD Drivers/STM32F4xx_HAL_Driver/Src/stm32f4xx_hal_pwr.o
LOAD Drivers/STM32F4xx_HAL_Driver/Src/stm32f4xx_hal_pwr_ex.o
LOAD Drivers/STM32F4xx_HAL_Driver/Src/stm32f4xx_hal_rcc.o
LOAD Drivers/STM32F4xx_HAL_Driver/Src/stm32f4xx_hal_rcc_ex.o
LOAD Drivers/STM32F4xx_HAL_Driver/Src/stm32f4xx_hal_spi.o
LOAD Drivers/STM32F4xx_HAL_Driver/Src/stm32f4xx_hal_tim.o
LOAD Drivers/STM32F4xx_HAL_Driver/Src/stm32f4xx_hal_tim_ex.o
LOAD Drivers/STM32F4xx_HAL_Driver/Src/stm32f4xx_hal_uart.o
LOAD Middlewares/Third_Party/FreeRTOS/Source/CMSIS_RTOS_V2/cmsis_os2.o
LOAD Middlewares/Third_Party/FreeRTOS/Source/croutine.o
LOAD Middlewares/Third_Party/FreeRTOS/Source/event_groups.o
LOAD Middlewares/Third_Party/FreeRTOS/Source/list.o
LOAD Middlewares/Third_Party/FreeRTOS/Source/queue.o
LOAD Middlewares/Third_Party/FreeRTOS/Source/stream_buffer.o
LOAD Middlewares/Third_Party/FreeRTOS/Source/tasks.o
LOAD Middlewares/Third_Party/FreeRTOS/Source/timers.o
LOAD Middlewares/Third_Party/FreeRTOS/Source/portable/GCC/ARM_CM4F/port.o
LOAD Middlewares/Third_Party/FreeRTOS/Source/portable/MemMang/heap_4.o
LOAD Middlewares/Third_Party/MODBUS-LIB/Src/Modbus.o
LOAD Middlewares/Third_Party/MODBUS-LIB/Src/UARTCallback.o
START GROUP
LOAD /Applications/STM32CubeIDE.app/Contents/Eclipse/plugins/com.st.stm32cube.ide.mcu.externaltools.gnu-tools-for-stm32.7-2018-q2-update.macos64_1.4.0.202007081208/tools/bin/../lib/gcc/arm-none-eabi/7.3.1/../../../../arm-none-eabi/lib/thumb/v7e-m/fpv4-sp/hard/libc_nano.a
LOAD /Applications/STM32CubeIDE.app/Contents/Eclipse/plugins/com.st.stm32cube.ide.mcu.externaltools.gnu-tools-for-stm32.7-2018-q2-update.macos64_1.4.0.202007081208/tools/bin/../lib/gcc/arm-none-eabi/7.3.1/../../../../arm-none-eabi/lib/thumb/v7e-m/fpv4-sp/hard/libm.a
END GROUP
START GROUP
LOAD /Applications/STM32CubeIDE.app/Contents/Eclipse/plugins/com.st.stm32cube.ide.mcu.externaltools.gnu-tools-for-stm32.7-2018-q2-update.macos64_1.4.0.202007081208/tools/bin/../lib/gcc/arm-none-eabi/7.3.1/thumb/v7e-m/fpv4-sp/hard/libgcc.a
LOAD /Applications/STM32CubeIDE.app/Contents/Eclipse/plugins/com.st.stm32cube.ide.mcu.externaltools.gnu-tools-for-stm32.7-2018-q2-update.macos64_1.4.0.202007081208/tools/bin/../lib/gcc/arm-none-eabi/7.3.1/../../../../arm-none-eabi/lib/thumb/v7e-m/fpv4-sp/hard/libc_nano.a
END GROUP
START GROUP
LOAD /Applications/STM32CubeIDE.app/Contents/Eclipse/plugins/com.st.stm32cube.ide.mcu.externaltools.gnu-tools-for-stm32.7-2018-q2-update.macos64_1.4.0.202007081208/tools/bin/../lib/gcc/arm-none-eabi/7.3.1/thumb/v7e-m/fpv4-sp/hard/libgcc.a
LOAD /Applications/STM32CubeIDE.app/Contents/Eclipse/plugins/com.st.stm32cube.ide.mcu.externaltools.gnu-tools-for-stm32.7-2018-q2-update.macos64_1.4.0.202007081208/tools/bin/../lib/gcc/arm-none-eabi/7.3.1/../../../../arm-none-eabi/lib/thumb/v7e-m/fpv4-sp/hard/libc_nano.a
LOAD /Applications/STM32CubeIDE.app/Contents/Eclipse/plugins/com.st.stm32cube.ide.mcu.externaltools.gnu-tools-for-stm32.7-2018-q2-update.macos64_1.4.0.202007081208/tools/bin/../lib/gcc/arm-none-eabi/7.3.1/../../../../arm-none-eabi/lib/thumb/v7e-m/fpv4-sp/hard/libnosys.a
END GROUP
START GROUP
LOAD /Applications/STM32CubeIDE.app/Contents/Eclipse/plugins/com.st.stm32cube.ide.mcu.externaltools.gnu-tools-for-stm32.7-2018-q2-update.macos64_1.4.0.202007081208/tools/bin/../lib/gcc/arm-none-eabi/7.3.1/thumb/v7e-m/fpv4-sp/hard/libgcc.a
LOAD /Applications/STM32CubeIDE.app/Contents/Eclipse/plugins/com.st.stm32cube.ide.mcu.externaltools.gnu-tools-for-stm32.7-2018-q2-update.macos64_1.4.0.202007081208/tools/bin/../lib/gcc/arm-none-eabi/7.3.1/../../../../arm-none-eabi/lib/thumb/v7e-m/fpv4-sp/hard/libc_nano.a
LOAD /Applications/STM32CubeIDE.app/Contents/Eclipse/plugins/com.st.stm32cube.ide.mcu.externaltools.gnu-tools-for-stm32.7-2018-q2-update.macos64_1.4.0.202007081208/tools/bin/../lib/gcc/arm-none-eabi/7.3.1/../../../../arm-none-eabi/lib/thumb/v7e-m/fpv4-sp/hard/libnosys.a
END GROUP
LOAD /Applications/STM32CubeIDE.app/Contents/Eclipse/plugins/com.st.stm32cube.ide.mcu.externaltools.gnu-tools-for-stm32.7-2018-q2-update.macos64_1.4.0.202007081208/tools/bin/../lib/gcc/arm-none-eabi/7.3.1/thumb/v7e-m/fpv4-sp/hard/crtend.o
LOAD /Applications/STM32CubeIDE.app/Contents/Eclipse/plugins/com.st.stm32cube.ide.mcu.externaltools.gnu-tools-for-stm32.7-2018-q2-update.macos64_1.4.0.202007081208/tools/bin/../lib/gcc/arm-none-eabi/7.3.1/thumb/v7e-m/fpv4-sp/hard/crtn.o
                0x0000000020020000                _estack = (ORIGIN (RAM) + LENGTH (RAM))
                0x0000000000000200                _Min_Heap_Size = 0x200
                0x0000000000000400                _Min_Stack_Size = 0x400

.isr_vector     0x0000000008008000      0x19c
                0x0000000008008000                . = ALIGN (0x4)
 *(.isr_vector)
 .isr_vector    0x0000000008008000      0x19c Core/Startup/startup_stm32f411ceux.o
                0x0000000008008000                g_pfnVectors
                0x000000000800819c                . = ALIGN (0x4)

.text           0x00000000080081a0     0x91e8
                0x00000000080081a0                . = ALIGN (0x4)
 *(.text)
 .text          0x00000000080081a0       0x40 /Applications/STM32CubeIDE.app/Contents/Eclipse/plugins/com.st.stm32cube.ide.mcu.externaltools.gnu-tools-for-stm32.7-2018-q2-update.macos64_1.4.0.202007081208/tools/bin/../lib/gcc/arm-none-eabi/7.3.1/thumb/v7e-m/fpv4-sp/hard/crtbegin.o
 .text          0x00000000080081e0       0x30 /Applications/STM32CubeIDE.app/Contents/Eclipse/plugins/com.st.stm32cube.ide.mcu.externaltools.gnu-tools-for-stm32.7-2018-q2-update.macos64_1.4.0.202007081208/tools/bin/../lib/gcc/arm-none-eabi/7.3.1/thumb/v7e-m/fpv4-sp/hard/libgcc.a(_aeabi_uldivmod.o)
                0x00000000080081e0                __aeabi_uldivmod
 .text          0x0000000008008210      0x2cc /Applications/STM32CubeIDE.app/Contents/Eclipse/plugins/com.st.stm32cube.ide.mcu.externaltools.gnu-tools-for-stm32.7-2018-q2-update.macos64_1.4.0.202007081208/tools/bin/../lib/gcc/arm-none-eabi/7.3.1/thumb/v7e-m/fpv4-sp/hard/libgcc.a(_udivmoddi4.o)
                0x0000000008008210                __udivmoddi4
 .text          0x00000000080084dc        0x4 /Applications/STM32CubeIDE.app/Contents/Eclipse/plugins/com.st.stm32cube.ide.mcu.externaltools.gnu-tools-for-stm32.7-2018-q2-update.macos64_1.4.0.202007081208/tools/bin/../lib/gcc/arm-none-eabi/7.3.1/thumb/v7e-m/fpv4-sp/hard/libgcc.a(_dvmd_tls.o)
                0x00000000080084dc                __aeabi_ldiv0
                0x00000000080084dc                __aeabi_idiv0
 *(.text*)
 .text.__NVIC_SystemReset
                0x00000000080084e0       0x28 Core/Src/main.o
 .text.JumpToBootloader
                0x0000000008008508       0x30 Core/Src/main.o
                0x0000000008008508                JumpToBootloader
 .text.VectorBase_Config
                0x0000000008008538       0x1c Core/Src/main.o
 .text.main     0x0000000008008554      0x100 Core/Src/main.o
                0x0000000008008554                main
 .text.SystemClock_Config
                0x0000000008008654       0xd0 Core/Src/main.o
                0x0000000008008654                SystemClock_Config
 .text.MX_SPI2_Init
                0x0000000008008724       0x6c Core/Src/main.o
 .text.MX_TIM2_Init
                0x0000000008008790       0x98 Core/Src/main.o
 .text.MX_USART2_UART_Init
                0x0000000008008828       0x54 Core/Src/main.o
 .text.MX_GPIO_Init
                0x000000000800887c       0xf4 Core/Src/main.o
 .text.HAL_SPI_TxRxCpltCallback
                0x0000000008008970      0x158 Core/Src/main.o
                0x0000000008008970                HAL_SPI_TxRxCpltCallback
 .text.StartDefaultTask
                0x0000000008008ac8       0x34 Core/Src/main.o
                0x0000000008008ac8                StartDefaultTask
 .text.startImuDataTask
                0x0000000008008afc      0x2e4 Core/Src/main.o
                0x0000000008008afc                startImuDataTask
 .text.streamTimerCallback
                0x0000000008008de0       0x14 Core/Src/main.o
                0x0000000008008de0                streamTimerCallback
 .text.utilTimerCallback
                0x0000000008008df4       0x20 Core/Src/main.o
                0x0000000008008df4                utilTimerCallback
 .text.HAL_TIM_PeriodElapsedCallback
                0x0000000008008e14       0x80 Core/Src/main.o
                0x0000000008008e14                HAL_TIM_PeriodElapsedCallback
 .text.Error_Handler
                0x0000000008008e94        0xe Core/Src/main.o
                0x0000000008008e94                Error_Handler
 *fill*         0x0000000008008ea2        0x2 
 .text.HAL_MspInit
                0x0000000008008ea4       0x50 Core/Src/stm32f4xx_hal_msp.o
                0x0000000008008ea4                HAL_MspInit
 .text.HAL_SPI_MspInit
                0x0000000008008ef4       0xa0 Core/Src/stm32f4xx_hal_msp.o
                0x0000000008008ef4                HAL_SPI_MspInit
 .text.HAL_TIM_Base_MspInit
                0x0000000008008f94       0x4c Core/Src/stm32f4xx_hal_msp.o
                0x0000000008008f94                HAL_TIM_Base_MspInit
 .text.HAL_UART_MspInit
                0x0000000008008fe0       0xa0 Core/Src/stm32f4xx_hal_msp.o
                0x0000000008008fe0                HAL_UART_MspInit
 .text.HAL_InitTick
                0x0000000008009080       0xb0 Core/Src/stm32f4xx_hal_timebase_tim.o
                0x0000000008009080                HAL_InitTick
 .text.NMI_Handler
                0x0000000008009130        0xe Core/Src/stm32f4xx_it.o
                0x0000000008009130                NMI_Handler
 .text.HardFault_Handler
                0x000000000800913e        0x6 Core/Src/stm32f4xx_it.o
                0x000000000800913e                HardFault_Handler
 .text.MemManage_Handler
                0x0000000008009144        0x6 Core/Src/stm32f4xx_it.o
                0x0000000008009144                MemManage_Handler
 .text.BusFault_Handler
                0x000000000800914a        0x6 Core/Src/stm32f4xx_it.o
                0x000000000800914a                BusFault_Handler
 .text.UsageFault_Handler
                0x0000000008009150        0x6 Core/Src/stm32f4xx_it.o
                0x0000000008009150                UsageFault_Handler
 .text.DebugMon_Handler
                0x0000000008009156        0xe Core/Src/stm32f4xx_it.o
                0x0000000008009156                DebugMon_Handler
 .text.TIM1_UP_TIM10_IRQHandler
                0x0000000008009164       0x14 Core/Src/stm32f4xx_it.o
                0x0000000008009164                TIM1_UP_TIM10_IRQHandler
 .text.TIM2_IRQHandler
                0x0000000008009178       0x14 Core/Src/stm32f4xx_it.o
                0x0000000008009178                TIM2_IRQHandler
 .text.SPI2_IRQHandler
                0x000000000800918c       0x14 Core/Src/stm32f4xx_it.o
                0x000000000800918c                SPI2_IRQHandler
 .text.USART2_IRQHandler
                0x00000000080091a0       0x14 Core/Src/stm32f4xx_it.o
                0x00000000080091a0                USART2_IRQHandler
 .text.SystemInit
                0x00000000080091b4       0x2c Core/Src/system_stm32f4xx.o
                0x00000000080091b4                SystemInit
 .text.Reset_Handler
                0x00000000080091e0       0x50 Core/Startup/startup_stm32f411ceux.o
                0x00000000080091e0                Reset_Handler
 .text.Default_Handler
                0x0000000008009230        0x2 Core/Startup/startup_stm32f411ceux.o
                0x0000000008009230                DMA1_Stream3_IRQHandler
                0x0000000008009230                EXTI2_IRQHandler
                0x0000000008009230                SPI4_IRQHandler
                0x0000000008009230                TIM1_CC_IRQHandler
                0x0000000008009230                DMA2_Stream5_IRQHandler
                0x0000000008009230                DMA1_Stream5_IRQHandler
                0x0000000008009230                PVD_IRQHandler
                0x0000000008009230                SDIO_IRQHandler
                0x0000000008009230                TAMP_STAMP_IRQHandler
                0x0000000008009230                EXTI3_IRQHandler
                0x0000000008009230                I2C3_ER_IRQHandler
                0x0000000008009230                EXTI0_IRQHandler
                0x0000000008009230                I2C2_EV_IRQHandler
                0x0000000008009230                DMA1_Stream2_IRQHandler
                0x0000000008009230                FPU_IRQHandler
                0x0000000008009230                DMA2_Stream2_IRQHandler
                0x0000000008009230                SPI1_IRQHandler
                0x0000000008009230                TIM1_BRK_TIM9_IRQHandler
                0x0000000008009230                DMA2_Stream3_IRQHandler
                0x0000000008009230                USART6_IRQHandler
                0x0000000008009230                DMA2_Stream0_IRQHandler
                0x0000000008009230                TIM4_IRQHandler
                0x0000000008009230                I2C1_EV_IRQHandler
                0x0000000008009230                DMA1_Stream6_IRQHandler
                0x0000000008009230                DMA1_Stream1_IRQHandler
                0x0000000008009230                TIM3_IRQHandler
                0x0000000008009230                RCC_IRQHandler
                0x0000000008009230                Default_Handler
                0x0000000008009230                EXTI15_10_IRQHandler
                0x0000000008009230                ADC_IRQHandler
                0x0000000008009230                DMA1_Stream7_IRQHandler
                0x0000000008009230                SPI5_IRQHandler
                0x0000000008009230                TIM5_IRQHandler
                0x0000000008009230                DMA2_Stream7_IRQHandler
                0x0000000008009230                I2C3_EV_IRQHandler
                0x0000000008009230                EXTI9_5_IRQHandler
                0x0000000008009230                RTC_WKUP_IRQHandler
                0x0000000008009230                DMA1_Stream0_IRQHandler
                0x0000000008009230                EXTI4_IRQHandler
                0x0000000008009230                WWDG_IRQHandler
                0x0000000008009230                OTG_FS_WKUP_IRQHandler
                0x0000000008009230                TIM1_TRG_COM_TIM11_IRQHandler
                0x0000000008009230                EXTI1_IRQHandler
                0x0000000008009230                I2C2_ER_IRQHandler
                0x0000000008009230                DMA2_Stream1_IRQHandler
                0x0000000008009230                FLASH_IRQHandler
                0x0000000008009230                DMA2_Stream4_IRQHandler
                0x0000000008009230                USART1_IRQHandler
                0x0000000008009230                OTG_FS_IRQHandler
                0x0000000008009230                SPI3_IRQHandler
                0x0000000008009230                DMA1_Stream4_IRQHandler
                0x0000000008009230                I2C1_ER_IRQHandler
                0x0000000008009230                DMA2_Stream6_IRQHandler
                0x0000000008009230                RTC_Alarm_IRQHandler
 *fill*         0x0000000008009232        0x2 
 .text.HAL_Init
                0x0000000008009234       0x44 Drivers/STM32F4xx_HAL_Driver/Src/stm32f4xx_hal.o
                0x0000000008009234                HAL_Init
 .text.HAL_IncTick
                0x0000000008009278       0x28 Drivers/STM32F4xx_HAL_Driver/Src/stm32f4xx_hal.o
                0x0000000008009278                HAL_IncTick
 .text.HAL_GetTick
                0x00000000080092a0       0x18 Drivers/STM32F4xx_HAL_Driver/Src/stm32f4xx_hal.o
                0x00000000080092a0                HAL_GetTick
 .text.__NVIC_SetPriorityGrouping
                0x00000000080092b8       0x48 Drivers/STM32F4xx_HAL_Driver/Src/stm32f4xx_hal_cortex.o
 .text.__NVIC_GetPriorityGrouping
                0x0000000008009300       0x1c Drivers/STM32F4xx_HAL_Driver/Src/stm32f4xx_hal_cortex.o
 .text.__NVIC_EnableIRQ
                0x000000000800931c       0x3c Drivers/STM32F4xx_HAL_Driver/Src/stm32f4xx_hal_cortex.o
 .text.__NVIC_SetPriority
                0x0000000008009358       0x54 Drivers/STM32F4xx_HAL_Driver/Src/stm32f4xx_hal_cortex.o
 .text.NVIC_EncodePriority
                0x00000000080093ac       0x66 Drivers/STM32F4xx_HAL_Driver/Src/stm32f4xx_hal_cortex.o
 .text.HAL_NVIC_SetPriorityGrouping
                0x0000000008009412       0x16 Drivers/STM32F4xx_HAL_Driver/Src/stm32f4xx_hal_cortex.o
                0x0000000008009412                HAL_NVIC_SetPriorityGrouping
 .text.HAL_NVIC_SetPriority
                0x0000000008009428       0x38 Drivers/STM32F4xx_HAL_Driver/Src/stm32f4xx_hal_cortex.o
                0x0000000008009428                HAL_NVIC_SetPriority
 .text.HAL_NVIC_EnableIRQ
                0x0000000008009460       0x1c Drivers/STM32F4xx_HAL_Driver/Src/stm32f4xx_hal_cortex.o
                0x0000000008009460                HAL_NVIC_EnableIRQ
 .text.HAL_DMA_Abort_IT
                0x000000000800947c       0x44 Drivers/STM32F4xx_HAL_Driver/Src/stm32f4xx_hal_dma.o
                0x000000000800947c                HAL_DMA_Abort_IT
 .text.HAL_GPIO_Init
                0x00000000080094c0      0x304 Drivers/STM32F4xx_HAL_Driver/Src/stm32f4xx_hal_gpio.o
                0x00000000080094c0                HAL_GPIO_Init
 .text.HAL_GPIO_WritePin
                0x00000000080097c4       0x32 Drivers/STM32F4xx_HAL_Driver/Src/stm32f4xx_hal_gpio.o
                0x00000000080097c4                HAL_GPIO_WritePin
 .text.HAL_GPIO_TogglePin
                0x00000000080097f6       0x36 Drivers/STM32F4xx_HAL_Driver/Src/stm32f4xx_hal_gpio.o
                0x00000000080097f6                HAL_GPIO_TogglePin
 .text.HAL_RCC_OscConfig
                0x000000000800982c      0x4e0 Drivers/STM32F4xx_HAL_Driver/Src/stm32f4xx_hal_rcc.o
                0x000000000800982c                HAL_RCC_OscConfig
 .text.HAL_RCC_ClockConfig
                0x0000000008009d0c      0x1cc Drivers/STM32F4xx_HAL_Driver/Src/stm32f4xx_hal_rcc.o
                0x0000000008009d0c                HAL_RCC_ClockConfig
 .text.HAL_RCC_GetSysClockFreq
                0x0000000008009ed8      0x1ac Drivers/STM32F4xx_HAL_Driver/Src/stm32f4xx_hal_rcc.o
                0x0000000008009ed8                HAL_RCC_GetSysClockFreq
 .text.HAL_RCC_GetHCLKFreq
                0x000000000800a084       0x18 Drivers/STM32F4xx_HAL_Driver/Src/stm32f4xx_hal_rcc.o
                0x000000000800a084                HAL_RCC_GetHCLKFreq
 .text.HAL_RCC_GetPCLK1Freq
                0x000000000800a09c       0x28 Drivers/STM32F4xx_HAL_Driver/Src/stm32f4xx_hal_rcc.o
                0x000000000800a09c                HAL_RCC_GetPCLK1Freq
 .text.HAL_RCC_GetPCLK2Freq
                0x000000000800a0c4       0x28 Drivers/STM32F4xx_HAL_Driver/Src/stm32f4xx_hal_rcc.o
                0x000000000800a0c4                HAL_RCC_GetPCLK2Freq
 .text.HAL_RCC_GetClockConfig
                0x000000000800a0ec       0x64 Drivers/STM32F4xx_HAL_Driver/Src/stm32f4xx_hal_rcc.o
                0x000000000800a0ec                HAL_RCC_GetClockConfig
 .text.HAL_RCC_DeInit
                0x000000000800a150      0x19c Drivers/STM32F4xx_HAL_Driver/Src/stm32f4xx_hal_rcc_ex.o
                0x000000000800a150                HAL_RCC_DeInit
 .text.HAL_SPI_Init
                0x000000000800a2ec       0xc8 Drivers/STM32F4xx_HAL_Driver/Src/stm32f4xx_hal_spi.o
                0x000000000800a2ec                HAL_SPI_Init
 .text.HAL_SPI_TransmitReceive_IT
                0x000000000800a3b4      0x128 Drivers/STM32F4xx_HAL_Driver/Src/stm32f4xx_hal_spi.o
                0x000000000800a3b4                HAL_SPI_TransmitReceive_IT
 .text.HAL_SPI_IRQHandler
                0x000000000800a4dc      0x200 Drivers/STM32F4xx_HAL_Driver/Src/stm32f4xx_hal_spi.o
                0x000000000800a4dc                HAL_SPI_IRQHandler
 .text.HAL_SPI_RxCpltCallback
                0x000000000800a6dc       0x14 Drivers/STM32F4xx_HAL_Driver/Src/stm32f4xx_hal_spi.o
                0x000000000800a6dc                HAL_SPI_RxCpltCallback
 .text.HAL_SPI_ErrorCallback
                0x000000000800a6f0       0x14 Drivers/STM32F4xx_HAL_Driver/Src/stm32f4xx_hal_spi.o
                0x000000000800a6f0                HAL_SPI_ErrorCallback
 .text.SPI_DMAAbortOnError
                0x000000000800a704       0x28 Drivers/STM32F4xx_HAL_Driver/Src/stm32f4xx_hal_spi.o
 .text.SPI_2linesRxISR_8BIT
                0x000000000800a72c       0x64 Drivers/STM32F4xx_HAL_Driver/Src/stm32f4xx_hal_spi.o
 .text.SPI_2linesTxISR_8BIT
                0x000000000800a790       0x60 Drivers/STM32F4xx_HAL_Driver/Src/stm32f4xx_hal_spi.o
 .text.SPI_2linesRxISR_16BIT
                0x000000000800a7f0       0x60 Drivers/STM32F4xx_HAL_Driver/Src/stm32f4xx_hal_spi.o
 .text.SPI_2linesTxISR_16BIT
                0x000000000800a850       0x5e Drivers/STM32F4xx_HAL_Driver/Src/stm32f4xx_hal_spi.o
 .text.SPI_WaitFlagStateUntilTimeout
                0x000000000800a8ae       0xd4 Drivers/STM32F4xx_HAL_Driver/Src/stm32f4xx_hal_spi.o
 *fill*         0x000000000800a982        0x2 
 .text.SPI_EndRxTxTransaction
                0x000000000800a984       0x84 Drivers/STM32F4xx_HAL_Driver/Src/stm32f4xx_hal_spi.o
 .text.SPI_CloseRxTx_ISR
                0x000000000800aa08       0xe8 Drivers/STM32F4xx_HAL_Driver/Src/stm32f4xx_hal_spi.o
 .text.HAL_TIM_Base_Init
                0x000000000800aaf0       0x56 Drivers/STM32F4xx_HAL_Driver/Src/stm32f4xx_hal_tim.o
                0x000000000800aaf0                HAL_TIM_Base_Init
 .text.HAL_TIM_Base_Start_IT
                0x000000000800ab46       0x48 Drivers/STM32F4xx_HAL_Driver/Src/stm32f4xx_hal_tim.o
                0x000000000800ab46                HAL_TIM_Base_Start_IT
 .text.HAL_TIM_Base_Stop_IT
                0x000000000800ab8e       0x56 Drivers/STM32F4xx_HAL_Driver/Src/stm32f4xx_hal_tim.o
                0x000000000800ab8e                HAL_TIM_Base_Stop_IT
 .text.HAL_TIM_IRQHandler
                0x000000000800abe4      0x210 Drivers/STM32F4xx_HAL_Driver/Src/stm32f4xx_hal_tim.o
                0x000000000800abe4                HAL_TIM_IRQHandler
 .text.HAL_TIM_ConfigClockSource
                0x000000000800adf4      0x16e Drivers/STM32F4xx_HAL_Driver/Src/stm32f4xx_hal_tim.o
                0x000000000800adf4                HAL_TIM_ConfigClockSource
 .text.HAL_TIM_OC_DelayElapsedCallback
                0x000000000800af62       0x14 Drivers/STM32F4xx_HAL_Driver/Src/stm32f4xx_hal_tim.o
                0x000000000800af62                HAL_TIM_OC_DelayElapsedCallback
 .text.HAL_TIM_IC_CaptureCallback
                0x000000000800af76       0x14 Drivers/STM32F4xx_HAL_Driver/Src/stm32f4xx_hal_tim.o
                0x000000000800af76                HAL_TIM_IC_CaptureCallback
 .text.HAL_TIM_PWM_PulseFinishedCallback
                0x000000000800af8a       0x14 Drivers/STM32F4xx_HAL_Driver/Src/stm32f4xx_hal_tim.o
                0x000000000800af8a                HAL_TIM_PWM_PulseFinishedCallback
 .text.HAL_TIM_TriggerCallback
                0x000000000800af9e       0x14 Drivers/STM32F4xx_HAL_Driver/Src/stm32f4xx_hal_tim.o
                0x000000000800af9e                HAL_TIM_TriggerCallback
 *fill*         0x000000000800afb2        0x2 
 .text.TIM_Base_SetConfig
                0x000000000800afb4      0x100 Drivers/STM32F4xx_HAL_Driver/Src/stm32f4xx_hal_tim.o
                0x000000000800afb4                TIM_Base_SetConfig
 .text.TIM_TI1_ConfigInputStage
                0x000000000800b0b4       0x5e Drivers/STM32F4xx_HAL_Driver/Src/stm32f4xx_hal_tim.o
 .text.TIM_TI2_ConfigInputStage
                0x000000000800b112       0x60 Drivers/STM32F4xx_HAL_Driver/Src/stm32f4xx_hal_tim.o
 .text.TIM_ITRx_SetConfig
                0x000000000800b172       0x36 Drivers/STM32F4xx_HAL_Driver/Src/stm32f4xx_hal_tim.o
 .text.TIM_ETR_SetConfig
                0x000000000800b1a8       0x40 Drivers/STM32F4xx_HAL_Driver/Src/stm32f4xx_hal_tim.o
                0x000000000800b1a8                TIM_ETR_SetConfig
 .text.HAL_TIMEx_MasterConfigSynchronization
                0x000000000800b1e8       0xdc Drivers/STM32F4xx_HAL_Driver/Src/stm32f4xx_hal_tim_ex.o
                0x000000000800b1e8                HAL_TIMEx_MasterConfigSynchronization
 .text.HAL_TIMEx_CommutCallback
                0x000000000800b2c4       0x14 Drivers/STM32F4xx_HAL_Driver/Src/stm32f4xx_hal_tim_ex.o
                0x000000000800b2c4                HAL_TIMEx_CommutCallback
 .text.HAL_TIMEx_BreakCallback
                0x000000000800b2d8       0x14 Drivers/STM32F4xx_HAL_Driver/Src/stm32f4xx_hal_tim_ex.o
                0x000000000800b2d8                HAL_TIMEx_BreakCallback
 .text.HAL_UART_Init
                0x000000000800b2ec       0x9a Drivers/STM32F4xx_HAL_Driver/Src/stm32f4xx_hal_uart.o
                0x000000000800b2ec                HAL_UART_Init
 .text.HAL_UART_Transmit_IT
                0x000000000800b386       0x8a Drivers/STM32F4xx_HAL_Driver/Src/stm32f4xx_hal_uart.o
                0x000000000800b386                HAL_UART_Transmit_IT
 .text.HAL_UART_Receive_IT
                0x000000000800b410       0xaa Drivers/STM32F4xx_HAL_Driver/Src/stm32f4xx_hal_uart.o
                0x000000000800b410                HAL_UART_Receive_IT
 *fill*         0x000000000800b4ba        0x2 
 .text.HAL_UART_IRQHandler
                0x000000000800b4bc      0x200 Drivers/STM32F4xx_HAL_Driver/Src/stm32f4xx_hal_uart.o
                0x000000000800b4bc                HAL_UART_IRQHandler
 .text.HAL_UART_ErrorCallback
                0x000000000800b6bc       0x14 Drivers/STM32F4xx_HAL_Driver/Src/stm32f4xx_hal_uart.o
                0x000000000800b6bc                HAL_UART_ErrorCallback
 .text.HAL_UART_GetState
                0x000000000800b6d0       0x3c Drivers/STM32F4xx_HAL_Driver/Src/stm32f4xx_hal_uart.o
                0x000000000800b6d0                HAL_UART_GetState
 .text.UART_EndRxTransfer
                0x000000000800b70c       0x3c Drivers/STM32F4xx_HAL_Driver/Src/stm32f4xx_hal_uart.o
 .text.UART_DMAAbortOnError
                0x000000000800b748       0x28 Drivers/STM32F4xx_HAL_Driver/Src/stm32f4xx_hal_uart.o
 .text.UART_Transmit_IT
                0x000000000800b770       0xac Drivers/STM32F4xx_HAL_Driver/Src/stm32f4xx_hal_uart.o
 .text.UART_EndTransmit_IT
                0x000000000800b81c       0x30 Drivers/STM32F4xx_HAL_Driver/Src/stm32f4xx_hal_uart.o
 .text.UART_Receive_IT
                0x000000000800b84c      0x102 Drivers/STM32F4xx_HAL_Driver/Src/stm32f4xx_hal_uart.o
 *fill*         0x000000000800b94e        0x2 
 .text.UART_SetConfig
                0x000000000800b950      0x6f8 Drivers/STM32F4xx_HAL_Driver/Src/stm32f4xx_hal_uart.o
 .text.SVC_Setup
                0x000000000800c048        0xe Middlewares/Third_Party/FreeRTOS/Source/CMSIS_RTOS_V2/cmsis_os2.o
 *fill*         0x000000000800c056        0x2 
 .text.osKernelInitialize
                0x000000000800c058       0x68 Middlewares/Third_Party/FreeRTOS/Source/CMSIS_RTOS_V2/cmsis_os2.o
                0x000000000800c058                osKernelInitialize
 .text.osKernelStart
                0x000000000800c0c0       0x6c Middlewares/Third_Party/FreeRTOS/Source/CMSIS_RTOS_V2/cmsis_os2.o
                0x000000000800c0c0                osKernelStart
 .text.osThreadNew
                0x000000000800c12c      0x14c Middlewares/Third_Party/FreeRTOS/Source/CMSIS_RTOS_V2/cmsis_os2.o
                0x000000000800c12c                osThreadNew
 .text.osDelay  0x000000000800c278       0x5c Middlewares/Third_Party/FreeRTOS/Source/CMSIS_RTOS_V2/cmsis_os2.o
                0x000000000800c278                osDelay
 .text.TimerCallback
                0x000000000800c2d4       0x2a Middlewares/Third_Party/FreeRTOS/Source/CMSIS_RTOS_V2/cmsis_os2.o
 *fill*         0x000000000800c2fe        0x2 
 .text.osTimerNew
                0x000000000800c300      0x108 Middlewares/Third_Party/FreeRTOS/Source/CMSIS_RTOS_V2/cmsis_os2.o
                0x000000000800c300                osTimerNew
 .text.osTimerStart
                0x000000000800c408       0x80 Middlewares/Third_Party/FreeRTOS/Source/CMSIS_RTOS_V2/cmsis_os2.o
                0x000000000800c408                osTimerStart
 .text.osSemaphoreNew
                0x000000000800c488      0x13c Middlewares/Third_Party/FreeRTOS/Source/CMSIS_RTOS_V2/cmsis_os2.o
                0x000000000800c488                osSemaphoreNew
 .text.osSemaphoreAcquire
                0x000000000800c5c4       0xcc Middlewares/Third_Party/FreeRTOS/Source/CMSIS_RTOS_V2/cmsis_os2.o
                0x000000000800c5c4                osSemaphoreAcquire
 .text.osSemaphoreRelease
                0x000000000800c690       0xb0 Middlewares/Third_Party/FreeRTOS/Source/CMSIS_RTOS_V2/cmsis_os2.o
                0x000000000800c690                osSemaphoreRelease
 .text.osMessageQueueNew
                0x000000000800c740      0x10c Middlewares/Third_Party/FreeRTOS/Source/CMSIS_RTOS_V2/cmsis_os2.o
                0x000000000800c740                osMessageQueueNew
 .text.vApplicationGetIdleTaskMemory
                0x000000000800c84c       0x34 Middlewares/Third_Party/FreeRTOS/Source/CMSIS_RTOS_V2/cmsis_os2.o
                0x000000000800c84c                vApplicationGetIdleTaskMemory
 .text.vApplicationGetTimerTaskMemory
                0x000000000800c880       0x34 Middlewares/Third_Party/FreeRTOS/Source/CMSIS_RTOS_V2/cmsis_os2.o
                0x000000000800c880                vApplicationGetTimerTaskMemory
 .text.vListInitialise
                0x000000000800c8b4       0x40 Middlewares/Third_Party/FreeRTOS/Source/list.o
                0x000000000800c8b4                vListInitialise
 .text.vListInitialiseItem
                0x000000000800c8f4       0x1a Middlewares/Third_Party/FreeRTOS/Source/list.o
                0x000000000800c8f4                vListInitialiseItem
 .text.vListInsertEnd
                0x000000000800c90e       0x48 Middlewares/Third_Party/FreeRTOS/Source/list.o
                0x000000000800c90e                vListInsertEnd
 .text.vListInsert
                0x000000000800c956       0x72 Middlewares/Third_Party/FreeRTOS/Source/list.o
                0x000000000800c956                vListInsert
 .text.uxListRemove
                0x000000000800c9c8       0x54 Middlewares/Third_Party/FreeRTOS/Source/list.o
                0x000000000800c9c8                uxListRemove
 .text.xQueueGenericReset
                0x000000000800ca1c       0xd0 Middlewares/Third_Party/FreeRTOS/Source/queue.o
                0x000000000800ca1c                xQueueGenericReset
 .text.xQueueGenericCreateStatic
                0x000000000800caec       0xe6 Middlewares/Third_Party/FreeRTOS/Source/queue.o
                0x000000000800caec                xQueueGenericCreateStatic
 .text.xQueueGenericCreate
                0x000000000800cbd2       0x7e Middlewares/Third_Party/FreeRTOS/Source/queue.o
                0x000000000800cbd2                xQueueGenericCreate
 .text.prvInitialiseNewQueue
                0x000000000800cc50       0x46 Middlewares/Third_Party/FreeRTOS/Source/queue.o
 .text.xQueueCreateCountingSemaphoreStatic
                0x000000000800cc96       0x6a Middlewares/Third_Party/FreeRTOS/Source/queue.o
                0x000000000800cc96                xQueueCreateCountingSemaphoreStatic
 .text.xQueueCreateCountingSemaphore
                0x000000000800cd00       0x62 Middlewares/Third_Party/FreeRTOS/Source/queue.o
                0x000000000800cd00                xQueueCreateCountingSemaphore
 *fill*         0x000000000800cd62        0x2 
 .text.xQueueGenericSend
                0x000000000800cd64      0x1f4 Middlewares/Third_Party/FreeRTOS/Source/queue.o
                0x000000000800cd64                xQueueGenericSend
 .text.xQueueGenericSendFromISR
                0x000000000800cf58      0x128 Middlewares/Third_Party/FreeRTOS/Source/queue.o
                0x000000000800cf58                xQueueGenericSendFromISR
 .text.xQueueGiveFromISR
                0x000000000800d080      0x112 Middlewares/Third_Party/FreeRTOS/Source/queue.o
                0x000000000800d080                xQueueGiveFromISR
 *fill*         0x000000000800d192        0x2 
 .text.xQueueReceive
                0x000000000800d194      0x1b8 Middlewares/Third_Party/FreeRTOS/Source/queue.o
                0x000000000800d194                xQueueReceive
 .text.xQueueSemaphoreTake
                0x000000000800d34c      0x210 Middlewares/Third_Party/FreeRTOS/Source/queue.o
                0x000000000800d34c                xQueueSemaphoreTake
 .text.xQueueReceiveFromISR
                0x000000000800d55c       0xfa Middlewares/Third_Party/FreeRTOS/Source/queue.o
                0x000000000800d55c                xQueueReceiveFromISR
 .text.uxQueueMessagesWaiting
                0x000000000800d656       0x3a Middlewares/Third_Party/FreeRTOS/Source/queue.o
                0x000000000800d656                uxQueueMessagesWaiting
 .text.vQueueDelete
                0x000000000800d690       0x44 Middlewares/Third_Party/FreeRTOS/Source/queue.o
                0x000000000800d690                vQueueDelete
 .text.prvGetDisinheritPriorityAfterTimeout
                0x000000000800d6d4       0x30 Middlewares/Third_Party/FreeRTOS/Source/queue.o
 .text.prvCopyDataToQueue
                0x000000000800d704       0xd4 Middlewares/Third_Party/FreeRTOS/Source/queue.o
 .text.prvCopyDataFromQueue
                0x000000000800d7d8       0x4c Middlewares/Third_Party/FreeRTOS/Source/queue.o
 .text.prvUnlockQueue
                0x000000000800d824       0xa4 Middlewares/Third_Party/FreeRTOS/Source/queue.o
 .text.prvIsQueueEmpty
                0x000000000800d8c8       0x2c Middlewares/Third_Party/FreeRTOS/Source/queue.o
 .text.prvIsQueueFull
                0x000000000800d8f4       0x30 Middlewares/Third_Party/FreeRTOS/Source/queue.o
 .text.vQueueAddToRegistry
                0x000000000800d924       0x50 Middlewares/Third_Party/FreeRTOS/Source/queue.o
                0x000000000800d924                vQueueAddToRegistry
 .text.vQueueUnregisterQueue
                0x000000000800d974       0x54 Middlewares/Third_Party/FreeRTOS/Source/queue.o
                0x000000000800d974                vQueueUnregisterQueue
 .text.vQueueWaitForMessageRestricted
                0x000000000800d9c8       0x68 Middlewares/Third_Party/FreeRTOS/Source/queue.o
                0x000000000800d9c8                vQueueWaitForMessageRestricted
 .text.xTaskCreateStatic
                0x000000000800da30       0xb4 Middlewares/Third_Party/FreeRTOS/Source/tasks.o
                0x000000000800da30                xTaskCreateStatic
 .text.xTaskCreate
                0x000000000800dae4       0x8a Middlewares/Third_Party/FreeRTOS/Source/tasks.o
                0x000000000800dae4                xTaskCreate
 .text.prvInitialiseNewTask
                0x000000000800db6e      0x11c Middlewares/Third_Party/FreeRTOS/Source/tasks.o
 *fill*         0x000000000800dc8a        0x2 
 .text.prvAddNewTaskToReadyList
                0x000000000800dc8c       0xe0 Middlewares/Third_Party/FreeRTOS/Source/tasks.o
 .text.vTaskDelay
                0x000000000800dd6c       0x68 Middlewares/Third_Party/FreeRTOS/Source/tasks.o
                0x000000000800dd6c                vTaskDelay
 .text.vTaskStartScheduler
                0x000000000800ddd4       0xc8 Middlewares/Third_Party/FreeRTOS/Source/tasks.o
                0x000000000800ddd4                vTaskStartScheduler
 .text.vTaskSuspendAll
                0x000000000800de9c       0x1c Middlewares/Third_Party/FreeRTOS/Source/tasks.o
                0x000000000800de9c                vTaskSuspendAll
 .text.xTaskResumeAll
                0x000000000800deb8      0x138 Middlewares/Third_Party/FreeRTOS/Source/tasks.o
                0x000000000800deb8                xTaskResumeAll
 .text.xTaskGetTickCount
                0x000000000800dff0       0x20 Middlewares/Third_Party/FreeRTOS/Source/tasks.o
                0x000000000800dff0                xTaskGetTickCount
 .text.xTaskGetTickCountFromISR
                0x000000000800e010       0x24 Middlewares/Third_Party/FreeRTOS/Source/tasks.o
                0x000000000800e010                xTaskGetTickCountFromISR
 .text.xTaskIncrementTick
                0x000000000800e034      0x170 Middlewares/Third_Party/FreeRTOS/Source/tasks.o
                0x000000000800e034                xTaskIncrementTick
 .text.vTaskSwitchContext
                0x000000000800e1a4       0xb8 Middlewares/Third_Party/FreeRTOS/Source/tasks.o
                0x000000000800e1a4                vTaskSwitchContext
 .text.vTaskPlaceOnEventList
                0x000000000800e25c       0x48 Middlewares/Third_Party/FreeRTOS/Source/tasks.o
                0x000000000800e25c                vTaskPlaceOnEventList
 .text.vTaskPlaceOnEventListRestricted
                0x000000000800e2a4       0x54 Middlewares/Third_Party/FreeRTOS/Source/tasks.o
                0x000000000800e2a4                vTaskPlaceOnEventListRestricted
 .text.xTaskRemoveFromEventList
                0x000000000800e2f8       0xc4 Middlewares/Third_Party/FreeRTOS/Source/tasks.o
                0x000000000800e2f8                xTaskRemoveFromEventList
 .text.vTaskInternalSetTimeOutState
                0x000000000800e3bc       0x2c Middlewares/Third_Party/FreeRTOS/Source/tasks.o
                0x000000000800e3bc                vTaskInternalSetTimeOutState
 .text.xTaskCheckForTimeOut
                0x000000000800e3e8       0xc0 Middlewares/Third_Party/FreeRTOS/Source/tasks.o
                0x000000000800e3e8                xTaskCheckForTimeOut
 .text.vTaskMissedYield
                0x000000000800e4a8       0x18 Middlewares/Third_Party/FreeRTOS/Source/tasks.o
                0x000000000800e4a8                vTaskMissedYield
 .text.prvIdleTask
                0x000000000800e4c0       0x30 Middlewares/Third_Party/FreeRTOS/Source/tasks.o
 .text.prvInitialiseTaskLists
                0x000000000800e4f0       0x80 Middlewares/Third_Party/FreeRTOS/Source/tasks.o
 .text.prvCheckTasksWaitingTermination
                0x000000000800e570       0x58 Middlewares/Third_Party/FreeRTOS/Source/tasks.o
 .text.prvDeleteTCB
                0x000000000800e5c8       0x5c Middlewares/Third_Party/FreeRTOS/Source/tasks.o
 .text.prvResetNextTaskUnblockTime
                0x000000000800e624       0x40 Middlewares/Third_Party/FreeRTOS/Source/tasks.o
 .text.xTaskGetSchedulerState
                0x000000000800e664       0x3c Middlewares/Third_Party/FreeRTOS/Source/tasks.o
                0x000000000800e664                xTaskGetSchedulerState
 .text.xTaskPriorityInherit
                0x000000000800e6a0       0xd0 Middlewares/Third_Party/FreeRTOS/Source/tasks.o
                0x000000000800e6a0                xTaskPriorityInherit
 .text.xTaskPriorityDisinherit
                0x000000000800e770       0xd8 Middlewares/Third_Party/FreeRTOS/Source/tasks.o
                0x000000000800e770                xTaskPriorityDisinherit
 .text.vTaskPriorityDisinheritAfterTimeout
                0x000000000800e848      0x100 Middlewares/Third_Party/FreeRTOS/Source/tasks.o
                0x000000000800e848                vTaskPriorityDisinheritAfterTimeout
 .text.pvTaskIncrementMutexHeldCount
                0x000000000800e948       0x28 Middlewares/Third_Party/FreeRTOS/Source/tasks.o
                0x000000000800e948                pvTaskIncrementMutexHeldCount
 .text.ulTaskNotifyTake
                0x000000000800e970       0x90 Middlewares/Third_Party/FreeRTOS/Source/tasks.o
                0x000000000800e970                ulTaskNotifyTake
 .text.xTaskGenericNotify
                0x000000000800ea00      0x168 Middlewares/Third_Party/FreeRTOS/Source/tasks.o
                0x000000000800ea00                xTaskGenericNotify
 .text.xTaskGenericNotifyFromISR
                0x000000000800eb68      0x1b0 Middlewares/Third_Party/FreeRTOS/Source/tasks.o
                0x000000000800eb68                xTaskGenericNotifyFromISR
 .text.prvAddCurrentTaskToDelayedList
                0x000000000800ed18       0xa8 Middlewares/Third_Party/FreeRTOS/Source/tasks.o
 .text.xTimerCreateTimerTask
                0x000000000800edc0       0x90 Middlewares/Third_Party/FreeRTOS/Source/timers.o
                0x000000000800edc0                xTimerCreateTimerTask
 .text.xTimerCreate
                0x000000000800ee50       0x42 Middlewares/Third_Party/FreeRTOS/Source/timers.o
                0x000000000800ee50                xTimerCreate
 .text.xTimerCreateStatic
                0x000000000800ee92       0x78 Middlewares/Third_Party/FreeRTOS/Source/timers.o
                0x000000000800ee92                xTimerCreateStatic
 .text.prvInitialiseNewTimer
                0x000000000800ef0a       0x74 Middlewares/Third_Party/FreeRTOS/Source/timers.o
 *fill*         0x000000000800ef7e        0x2 
 .text.xTimerGenericCommand
                0x000000000800ef80       0x98 Middlewares/Third_Party/FreeRTOS/Source/timers.o
                0x000000000800ef80                xTimerGenericCommand
 .text.prvProcessExpiredTimer
                0x000000000800f018       0x98 Middlewares/Third_Party/FreeRTOS/Source/timers.o
 .text.prvTimerTask
                0x000000000800f0b0       0x24 Middlewares/Third_Party/FreeRTOS/Source/timers.o
 .text.prvProcessTimerOrBlockTask
                0x000000000800f0d4       0x9c Middlewares/Third_Party/FreeRTOS/Source/timers.o
 .text.prvGetNextExpireTime
                0x000000000800f170       0x48 Middlewares/Third_Party/FreeRTOS/Source/timers.o
 .text.prvSampleTimeNow
                0x000000000800f1b8       0x40 Middlewares/Third_Party/FreeRTOS/Source/timers.o
 .text.prvInsertTimerInActiveList
                0x000000000800f1f8       0x84 Middlewares/Third_Party/FreeRTOS/Source/timers.o
 .text.prvProcessReceivedCommands
                0x000000000800f27c      0x1b8 Middlewares/Third_Party/FreeRTOS/Source/timers.o
 .text.prvSwitchTimerLists
                0x000000000800f434       0xc8 Middlewares/Third_Party/FreeRTOS/Source/timers.o
 .text.prvCheckForValidListAndQueue
                0x000000000800f4fc       0x80 Middlewares/Third_Party/FreeRTOS/Source/timers.o
 .text.pvTimerGetTimerID
                0x000000000800f57c       0x3e Middlewares/Third_Party/FreeRTOS/Source/timers.o
                0x000000000800f57c                pvTimerGetTimerID
 *fill*         0x000000000800f5ba        0x2 
 .text.pxPortInitialiseStack
                0x000000000800f5bc       0x68 Middlewares/Third_Party/FreeRTOS/Source/portable/GCC/ARM_CM4F/port.o
                0x000000000800f5bc                pxPortInitialiseStack
 .text.prvTaskExitError
                0x000000000800f624       0x54 Middlewares/Third_Party/FreeRTOS/Source/portable/GCC/ARM_CM4F/port.o
 *fill*         0x000000000800f678        0x8 
 .text.SVC_Handler
                0x000000000800f680       0x28 Middlewares/Third_Party/FreeRTOS/Source/portable/GCC/ARM_CM4F/port.o
                0x000000000800f680                SVC_Handler
 .text.prvPortStartFirstTask
                0x000000000800f6a8       0x28 Middlewares/Third_Party/FreeRTOS/Source/portable/GCC/ARM_CM4F/port.o
 .text.xPortStartScheduler
                0x000000000800f6d0      0x13c Middlewares/Third_Party/FreeRTOS/Source/portable/GCC/ARM_CM4F/port.o
                0x000000000800f6d0                xPortStartScheduler
 .text.vPortEnterCritical
                0x000000000800f80c       0x5c Middlewares/Third_Party/FreeRTOS/Source/portable/GCC/ARM_CM4F/port.o
                0x000000000800f80c                vPortEnterCritical
 .text.vPortExitCritical
                0x000000000800f868       0x50 Middlewares/Third_Party/FreeRTOS/Source/portable/GCC/ARM_CM4F/port.o
                0x000000000800f868                vPortExitCritical
 *fill*         0x000000000800f8b8        0x8 
 .text.PendSV_Handler
                0x000000000800f8c0       0x68 Middlewares/Third_Party/FreeRTOS/Source/portable/GCC/ARM_CM4F/port.o
                0x000000000800f8c0                PendSV_Handler
 .text.SysTick_Handler
                0x000000000800f928       0x40 Middlewares/Third_Party/FreeRTOS/Source/portable/GCC/ARM_CM4F/port.o
                0x000000000800f928                SysTick_Handler
 .text.vPortSetupTimerInterrupt
                0x000000000800f968       0x48 Middlewares/Third_Party/FreeRTOS/Source/portable/GCC/ARM_CM4F/port.o
                0x000000000800f968                vPortSetupTimerInterrupt
 .text.vPortEnableVFP
                0x000000000800f9b0       0x14 Middlewares/Third_Party/FreeRTOS/Source/portable/GCC/ARM_CM4F/port.o
 .text.vPortValidateInterruptPriority
                0x000000000800f9c4       0x7c Middlewares/Third_Party/FreeRTOS/Source/portable/GCC/ARM_CM4F/port.o
                0x000000000800f9c4                vPortValidateInterruptPriority
 .text.pvPortMalloc
                0x000000000800fa40      0x184 Middlewares/Third_Party/FreeRTOS/Source/portable/MemMang/heap_4.o
                0x000000000800fa40                pvPortMalloc
 .text.vPortFree
                0x000000000800fbc4       0xb0 Middlewares/Third_Party/FreeRTOS/Source/portable/MemMang/heap_4.o
                0x000000000800fbc4                vPortFree
 .text.prvHeapInit
                0x000000000800fc74       0xc4 Middlewares/Third_Party/FreeRTOS/Source/portable/MemMang/heap_4.o
 .text.prvInsertBlockIntoFreeList
                0x000000000800fd38       0xb4 Middlewares/Third_Party/FreeRTOS/Source/portable/MemMang/heap_4.o
 .text.ModbusInit
                0x000000000800fdec      0x114 Middlewares/Third_Party/MODBUS-LIB/Src/Modbus.o
                0x000000000800fdec                ModbusInit
 .text.ModbusStart
                0x000000000800ff00       0x98 Middlewares/Third_Party/MODBUS-LIB/Src/Modbus.o
                0x000000000800ff00                ModbusStart
 .text.vTimerCallbackT35
                0x000000000800ff98       0x80 Middlewares/Third_Party/MODBUS-LIB/Src/Modbus.o
 .text.vTimerCallbackTimeout
                0x0000000008010018       0x58 Middlewares/Third_Party/MODBUS-LIB/Src/Modbus.o
 .text.StartTaskModbusSlave
                0x0000000008010070      0x198 Middlewares/Third_Party/MODBUS-LIB/Src/Modbus.o
                0x0000000008010070                StartTaskModbusSlave
 .text.SendQuery
                0x0000000008010208      0x2bc Middlewares/Third_Party/MODBUS-LIB/Src/Modbus.o
 .text.StartTaskModbusMaster
                0x00000000080104c4      0x17c Middlewares/Third_Party/MODBUS-LIB/Src/Modbus.o
                0x00000000080104c4                StartTaskModbusMaster
 .text.get_FC1  0x0000000008010640       0xa4 Middlewares/Third_Party/MODBUS-LIB/Src/Modbus.o
 .text.get_FC3  0x00000000080106e4       0x58 Middlewares/Third_Party/MODBUS-LIB/Src/Modbus.o
 .text.validateAnswer
                0x000000000801073c       0xdc Middlewares/Third_Party/MODBUS-LIB/Src/Modbus.o
 .text.getRxBuffer
                0x0000000008010818       0xa4 Middlewares/Third_Party/MODBUS-LIB/Src/Modbus.o
 .text.HAL_UART_RxCpltCallback
                0x00000000080108bc       0xa8 Middlewares/Third_Party/MODBUS-LIB/Src/Modbus.o
                0x00000000080108bc                HAL_UART_RxCpltCallback
 .text.validateRequest
                0x0000000008010964      0x200 Middlewares/Third_Party/MODBUS-LIB/Src/Modbus.o
 .text.word     0x0000000008010b64       0x26 Middlewares/Third_Party/MODBUS-LIB/Src/Modbus.o
 .text.calcCRC  0x0000000008010b8a       0x8e Middlewares/Third_Party/MODBUS-LIB/Src/Modbus.o
                0x0000000008010b8a                calcCRC
 .text.buildException
                0x0000000008010c18       0x3e Middlewares/Third_Party/MODBUS-LIB/Src/Modbus.o
 *fill*         0x0000000008010c56        0x2 
 .text.sendTxBuffer
                0x0000000008010c58      0x130 Middlewares/Third_Party/MODBUS-LIB/Src/Modbus.o
 .text.process_FC1
                0x0000000008010d88      0x16a Middlewares/Third_Party/MODBUS-LIB/Src/Modbus.o
 .text.process_FC3
                0x0000000008010ef2       0xd2 Middlewares/Third_Party/MODBUS-LIB/Src/Modbus.o
 .text.process_FC5
                0x0000000008010fc4       0xac Middlewares/Third_Party/MODBUS-LIB/Src/Modbus.o
 .text.process_FC6
                0x0000000008011070       0x62 Middlewares/Third_Party/MODBUS-LIB/Src/Modbus.o
 .text.process_FC15
                0x00000000080110d2      0x116 Middlewares/Third_Party/MODBUS-LIB/Src/Modbus.o
 .text.process_FC16
                0x00000000080111e8       0xa8 Middlewares/Third_Party/MODBUS-LIB/Src/Modbus.o
 .text.HAL_UART_TxCpltCallback
                0x0000000008011290       0x70 Middlewares/Third_Party/MODBUS-LIB/Src/UARTCallback.o
                0x0000000008011290                HAL_UART_TxCpltCallback
 .text.__libc_init_array
                0x0000000008011300       0x48 /Applications/STM32CubeIDE.app/Contents/Eclipse/plugins/com.st.stm32cube.ide.mcu.externaltools.gnu-tools-for-stm32.7-2018-q2-update.macos64_1.4.0.202007081208/tools/bin/../lib/gcc/arm-none-eabi/7.3.1/../../../../arm-none-eabi/lib/thumb/v7e-m/fpv4-sp/hard/libc_nano.a(lib_a-init.o)
                0x0000000008011300                __libc_init_array
 .text.memcpy   0x0000000008011348       0x16 /Applications/STM32CubeIDE.app/Contents/Eclipse/plugins/com.st.stm32cube.ide.mcu.externaltools.gnu-tools-for-stm32.7-2018-q2-update.macos64_1.4.0.202007081208/tools/bin/../lib/gcc/arm-none-eabi/7.3.1/../../../../arm-none-eabi/lib/thumb/v7e-m/fpv4-sp/hard/libc_nano.a(lib_a-memcpy-stub.o)
                0x0000000008011348                memcpy
 .text.memset   0x000000000801135e       0x10 /Applications/STM32CubeIDE.app/Contents/Eclipse/plugins/com.st.stm32cube.ide.mcu.externaltools.gnu-tools-for-stm32.7-2018-q2-update.macos64_1.4.0.202007081208/tools/bin/../lib/gcc/arm-none-eabi/7.3.1/../../../../arm-none-eabi/lib/thumb/v7e-m/fpv4-sp/hard/libc_nano.a(lib_a-memset.o)
                0x000000000801135e                memset
 *(.glue_7)
 .glue_7        0x000000000801136e        0x0 linker stubs
 *(.glue_7t)
 .glue_7t       0x000000000801136e        0x0 linker stubs
 *(.eh_frame)
 *fill*         0x000000000801136e        0x2 
 .eh_frame      0x0000000008011370        0x0 /Applications/STM32CubeIDE.app/Contents/Eclipse/plugins/com.st.stm32cube.ide.mcu.externaltools.gnu-tools-for-stm32.7-2018-q2-update.macos64_1.4.0.202007081208/tools/bin/../lib/gcc/arm-none-eabi/7.3.1/thumb/v7e-m/fpv4-sp/hard/crtbegin.o
 *(.init)
 .init          0x0000000008011370        0x4 /Applications/STM32CubeIDE.app/Contents/Eclipse/plugins/com.st.stm32cube.ide.mcu.externaltools.gnu-tools-for-stm32.7-2018-q2-update.macos64_1.4.0.202007081208/tools/bin/../lib/gcc/arm-none-eabi/7.3.1/thumb/v7e-m/fpv4-sp/hard/crti.o
                0x0000000008011370                _init
 .init          0x0000000008011374        0x8 /Applications/STM32CubeIDE.app/Contents/Eclipse/plugins/com.st.stm32cube.ide.mcu.externaltools.gnu-tools-for-stm32.7-2018-q2-update.macos64_1.4.0.202007081208/tools/bin/../lib/gcc/arm-none-eabi/7.3.1/thumb/v7e-m/fpv4-sp/hard/crtn.o
 *(.fini)
 .fini          0x000000000801137c        0x4 /Applications/STM32CubeIDE.app/Contents/Eclipse/plugins/com.st.stm32cube.ide.mcu.externaltools.gnu-tools-for-stm32.7-2018-q2-update.macos64_1.4.0.202007081208/tools/bin/../lib/gcc/arm-none-eabi/7.3.1/thumb/v7e-m/fpv4-sp/hard/crti.o
                0x000000000801137c                _fini
 .fini          0x0000000008011380        0x8 /Applications/STM32CubeIDE.app/Contents/Eclipse/plugins/com.st.stm32cube.ide.mcu.externaltools.gnu-tools-for-stm32.7-2018-q2-update.macos64_1.4.0.202007081208/tools/bin/../lib/gcc/arm-none-eabi/7.3.1/thumb/v7e-m/fpv4-sp/hard/crtn.o
                0x0000000008011388                . = ALIGN (0x4)
                0x0000000008011388                _etext = .

.vfp11_veneer   0x0000000008011388        0x0
 .vfp11_veneer  0x0000000008011388        0x0 linker stubs

.v4_bx          0x0000000008011388        0x0
 .v4_bx         0x0000000008011388        0x0 linker stubs

.iplt           0x0000000008011388        0x0
 .iplt          0x0000000008011388        0x0 /Applications/STM32CubeIDE.app/Contents/Eclipse/plugins/com.st.stm32cube.ide.mcu.externaltools.gnu-tools-for-stm32.7-2018-q2-update.macos64_1.4.0.202007081208/tools/bin/../lib/gcc/arm-none-eabi/7.3.1/thumb/v7e-m/fpv4-sp/hard/crtbegin.o

.rodata         0x0000000008011388      0x1bc
                0x0000000008011388                . = ALIGN (0x4)
 *(.rodata)
 .rodata        0x0000000008011388       0x2e Core/Src/main.o
 *fill*         0x00000000080113b6        0x2 
 .rodata        0x00000000080113b8        0x5 Middlewares/Third_Party/FreeRTOS/Source/tasks.o
 *fill*         0x00000000080113bd        0x3 
 .rodata        0x00000000080113c0        0xd Middlewares/Third_Party/FreeRTOS/Source/timers.o
 *fill*         0x00000000080113cd        0x3 
 .rodata        0x00000000080113d0       0x61 Middlewares/Third_Party/MODBUS-LIB/Src/Modbus.o
 *(.rodata*)
 *fill*         0x0000000008011431        0x3 
 .rodata.defaultTask_attributes
                0x0000000008011434       0x24 Core/Src/main.o
                0x0000000008011434                defaultTask_attributes
 .rodata.imuDataTask_attributes
                0x0000000008011458       0x24 Core/Src/main.o
                0x0000000008011458                imuDataTask_attributes
 .rodata.streamTimer_attributes
                0x000000000801147c       0x10 Core/Src/main.o
                0x000000000801147c                streamTimer_attributes
 .rodata.utilTimer_attributes
                0x000000000801148c       0x10 Core/Src/main.o
                0x000000000801148c                utilTimer_attributes
 .rodata.AHBPrescTable
                0x000000000801149c       0x10 Core/Src/system_stm32f4xx.o
                0x000000000801149c                AHBPrescTable
 .rodata.APBPrescTable
                0x00000000080114ac        0x8 Core/Src/system_stm32f4xx.o
                0x00000000080114ac                APBPrescTable
 .rodata.QueueModbus_attributes
                0x00000000080114b4       0x18 Middlewares/Third_Party/MODBUS-LIB/Src/Modbus.o
                0x00000000080114b4                QueueModbus_attributes
 .rodata.QueueTelegram_attributes
                0x00000000080114cc       0x18 Middlewares/Third_Party/MODBUS-LIB/Src/Modbus.o
                0x00000000080114cc                QueueTelegram_attributes
 .rodata.myTaskModbusA_attributes
                0x00000000080114e4       0x24 Middlewares/Third_Party/MODBUS-LIB/Src/Modbus.o
                0x00000000080114e4                myTaskModbusA_attributes
 .rodata.myTaskModbusB_attributes
                0x0000000008011508       0x24 Middlewares/Third_Party/MODBUS-LIB/Src/Modbus.o
                0x0000000008011508                myTaskModbusB_attributes
 .rodata.ModBusSphr_attributes
                0x000000000801152c       0x10 Middlewares/Third_Party/MODBUS-LIB/Src/Modbus.o
                0x000000000801152c                ModBusSphr_attributes
 .rodata.fctsupported
                0x000000000801153c        0x8 Middlewares/Third_Party/MODBUS-LIB/Src/Modbus.o
                0x000000000801153c                fctsupported
                0x0000000008011544                . = ALIGN (0x4)

.ARM.extab      0x0000000008011544        0x0
                0x0000000008011544                . = ALIGN (0x4)
 *(.ARM.extab* .gnu.linkonce.armextab.*)
                0x0000000008011544                . = ALIGN (0x4)

.ARM            0x0000000008011544        0x8
                0x0000000008011544                . = ALIGN (0x4)
                0x0000000008011544                __exidx_start = .
 *(.ARM.exidx*)
 .ARM.exidx     0x0000000008011544        0x8 /Applications/STM32CubeIDE.app/Contents/Eclipse/plugins/com.st.stm32cube.ide.mcu.externaltools.gnu-tools-for-stm32.7-2018-q2-update.macos64_1.4.0.202007081208/tools/bin/../lib/gcc/arm-none-eabi/7.3.1/thumb/v7e-m/fpv4-sp/hard/libgcc.a(_udivmoddi4.o)
                0x000000000801154c                __exidx_end = .
                0x000000000801154c                . = ALIGN (0x4)

.rel.dyn        0x000000000801154c        0x0
 .rel.iplt      0x000000000801154c        0x0 /Applications/STM32CubeIDE.app/Contents/Eclipse/plugins/com.st.stm32cube.ide.mcu.externaltools.gnu-tools-for-stm32.7-2018-q2-update.macos64_1.4.0.202007081208/tools/bin/../lib/gcc/arm-none-eabi/7.3.1/thumb/v7e-m/fpv4-sp/hard/crtbegin.o

.preinit_array  0x000000000801154c        0x0
                0x000000000801154c                . = ALIGN (0x4)
                0x000000000801154c                PROVIDE (__preinit_array_start = .)
 *(.preinit_array*)
                0x000000000801154c                PROVIDE (__preinit_array_end = .)
                0x000000000801154c                . = ALIGN (0x4)

.init_array     0x000000000801154c        0x4
                0x000000000801154c                . = ALIGN (0x4)
                0x000000000801154c                PROVIDE (__init_array_start = .)
 *(SORT_BY_NAME(.init_array.*))
 *(.init_array*)
 .init_array    0x000000000801154c        0x4 /Applications/STM32CubeIDE.app/Contents/Eclipse/plugins/com.st.stm32cube.ide.mcu.externaltools.gnu-tools-for-stm32.7-2018-q2-update.macos64_1.4.0.202007081208/tools/bin/../lib/gcc/arm-none-eabi/7.3.1/thumb/v7e-m/fpv4-sp/hard/crtbegin.o
                0x0000000008011550                PROVIDE (__init_array_end = .)
                0x0000000008011550                . = ALIGN (0x4)

.fini_array     0x0000000008011550        0x4
                0x0000000008011550                . = ALIGN (0x4)
                [!provide]                        PROVIDE (__fini_array_start = .)
 *(SORT_BY_NAME(.fini_array.*))
 *(.fini_array*)
 .fini_array    0x0000000008011550        0x4 /Applications/STM32CubeIDE.app/Contents/Eclipse/plugins/com.st.stm32cube.ide.mcu.externaltools.gnu-tools-for-stm32.7-2018-q2-update.macos64_1.4.0.202007081208/tools/bin/../lib/gcc/arm-none-eabi/7.3.1/thumb/v7e-m/fpv4-sp/hard/crtbegin.o
                [!provide]                        PROVIDE (__fini_array_end = .)
                0x0000000008011554                . = ALIGN (0x4)
                0x0000000008011554                _sidata = LOADADDR (.data)

.data           0x0000000020000000       0x10 load address 0x0000000008011554
                0x0000000020000000                . = ALIGN (0x4)
                0x0000000020000000                _sdata = .
 *(.data)
 *(.data*)
 .data.SystemCoreClock
                0x0000000020000000        0x4 Core/Src/system_stm32f4xx.o
                0x0000000020000000                SystemCoreClock
 .data.uwTickPrio
                0x0000000020000004        0x4 Drivers/STM32F4xx_HAL_Driver/Src/stm32f4xx_hal.o
                0x0000000020000004                uwTickPrio
 .data.uwTickFreq
                0x0000000020000008        0x1 Drivers/STM32F4xx_HAL_Driver/Src/stm32f4xx_hal.o
                0x0000000020000008                uwTickFreq
 *fill*         0x0000000020000009        0x3 
 .data.uxCriticalNesting
                0x000000002000000c        0x4 Middlewares/Third_Party/FreeRTOS/Source/portable/GCC/ARM_CM4F/port.o
                0x0000000020000010                . = ALIGN (0x4)
                0x0000000020000010                _edata = .

.igot.plt       0x0000000020000010        0x0 load address 0x0000000008011564
 .igot.plt      0x0000000020000010        0x0 /Applications/STM32CubeIDE.app/Contents/Eclipse/plugins/com.st.stm32cube.ide.mcu.externaltools.gnu-tools-for-stm32.7-2018-q2-update.macos64_1.4.0.202007081208/tools/bin/../lib/gcc/arm-none-eabi/7.3.1/thumb/v7e-m/fpv4-sp/hard/crtbegin.o
                0x0000000020000010                . = ALIGN (0x4)

.bss            0x0000000020000010     0x4c84 load address 0x0000000008011564
                0x0000000020000010                _sbss = .
                0x0000000020000010                __bss_start__ = _sbss
 *(.bss)
 .bss           0x0000000020000010       0x1c /Applications/STM32CubeIDE.app/Contents/Eclipse/plugins/com.st.stm32cube.ide.mcu.externaltools.gnu-tools-for-stm32.7-2018-q2-update.macos64_1.4.0.202007081208/tools/bin/../lib/gcc/arm-none-eabi/7.3.1/thumb/v7e-m/fpv4-sp/hard/crtbegin.o
 *(.bss*)
 .bss.spiBusy   0x000000002000002c        0x1 Core/Src/main.o
                0x000000002000002c                spiBusy
 .bss.sixPacketReady
                0x000000002000002d        0x1 Core/Src/main.o
                0x000000002000002d                sixPacketReady
 *fill*         0x000000002000002e        0x2 
 .bss.packetsStreamed
                0x0000000020000030        0x4 Core/Src/main.o
                0x0000000020000030                packetsStreamed
 .bss.KernelState
                0x0000000020000034        0x4 Middlewares/Third_Party/FreeRTOS/Source/CMSIS_RTOS_V2/cmsis_os2.o
 .bss.Idle_TCB  0x0000000020000038       0x5c Middlewares/Third_Party/FreeRTOS/Source/CMSIS_RTOS_V2/cmsis_os2.o
 .bss.Idle_Stack
                0x0000000020000094      0x200 Middlewares/Third_Party/FreeRTOS/Source/CMSIS_RTOS_V2/cmsis_os2.o
 .bss.Timer_TCB
                0x0000000020000294       0x5c Middlewares/Third_Party/FreeRTOS/Source/CMSIS_RTOS_V2/cmsis_os2.o
 .bss.Timer_Stack
                0x00000000200002f0      0x400 Middlewares/Third_Party/FreeRTOS/Source/CMSIS_RTOS_V2/cmsis_os2.o
 .bss.pxCurrentTCB
                0x00000000200006f0        0x4 Middlewares/Third_Party/FreeRTOS/Source/tasks.o
                0x00000000200006f0                pxCurrentTCB
 .bss.pxReadyTasksLists
                0x00000000200006f4      0x460 Middlewares/Third_Party/FreeRTOS/Source/tasks.o
 .bss.xDelayedTaskList1
                0x0000000020000b54       0x14 Middlewares/Third_Party/FreeRTOS/Source/tasks.o
 .bss.xDelayedTaskList2
                0x0000000020000b68       0x14 Middlewares/Third_Party/FreeRTOS/Source/tasks.o
 .bss.pxDelayedTaskList
                0x0000000020000b7c        0x4 Middlewares/Third_Party/FreeRTOS/Source/tasks.o
 .bss.pxOverflowDelayedTaskList
                0x0000000020000b80        0x4 Middlewares/Third_Party/FreeRTOS/Source/tasks.o
 .bss.xPendingReadyList
                0x0000000020000b84       0x14 Middlewares/Third_Party/FreeRTOS/Source/tasks.o
 .bss.xTasksWaitingTermination
                0x0000000020000b98       0x14 Middlewares/Third_Party/FreeRTOS/Source/tasks.o
 .bss.uxDeletedTasksWaitingCleanUp
                0x0000000020000bac        0x4 Middlewares/Third_Party/FreeRTOS/Source/tasks.o
 .bss.xSuspendedTaskList
                0x0000000020000bb0       0x14 Middlewares/Third_Party/FreeRTOS/Source/tasks.o
 .bss.uxCurrentNumberOfTasks
                0x0000000020000bc4        0x4 Middlewares/Third_Party/FreeRTOS/Source/tasks.o
 .bss.xTickCount
                0x0000000020000bc8        0x4 Middlewares/Third_Party/FreeRTOS/Source/tasks.o
 .bss.uxTopReadyPriority
                0x0000000020000bcc        0x4 Middlewares/Third_Party/FreeRTOS/Source/tasks.o
 .bss.xSchedulerRunning
                0x0000000020000bd0        0x4 Middlewares/Third_Party/FreeRTOS/Source/tasks.o
 .bss.uxPendedTicks
                0x0000000020000bd4        0x4 Middlewares/Third_Party/FreeRTOS/Source/tasks.o
 .bss.xYieldPending
                0x0000000020000bd8        0x4 Middlewares/Third_Party/FreeRTOS/Source/tasks.o
 .bss.xNumOfOverflows
                0x0000000020000bdc        0x4 Middlewares/Third_Party/FreeRTOS/Source/tasks.o
 .bss.uxTaskNumber
                0x0000000020000be0        0x4 Middlewares/Third_Party/FreeRTOS/Source/tasks.o
 .bss.xNextTaskUnblockTime
                0x0000000020000be4        0x4 Middlewares/Third_Party/FreeRTOS/Source/tasks.o
 .bss.xIdleTaskHandle
                0x0000000020000be8        0x4 Middlewares/Third_Party/FreeRTOS/Source/tasks.o
 .bss.uxSchedulerSuspended
                0x0000000020000bec        0x4 Middlewares/Third_Party/FreeRTOS/Source/tasks.o
 .bss.xActiveTimerList1
                0x0000000020000bf0       0x14 Middlewares/Third_Party/FreeRTOS/Source/timers.o
 .bss.xActiveTimerList2
                0x0000000020000c04       0x14 Middlewares/Third_Party/FreeRTOS/Source/timers.o
 .bss.pxCurrentTimerList
                0x0000000020000c18        0x4 Middlewares/Third_Party/FreeRTOS/Source/timers.o
 .bss.pxOverflowTimerList
                0x0000000020000c1c        0x4 Middlewares/Third_Party/FreeRTOS/Source/timers.o
 .bss.xTimerQueue
                0x0000000020000c20        0x4 Middlewares/Third_Party/FreeRTOS/Source/timers.o
 .bss.xTimerTaskHandle
                0x0000000020000c24        0x4 Middlewares/Third_Party/FreeRTOS/Source/timers.o
 .bss.xLastTime.6741
                0x0000000020000c28        0x4 Middlewares/Third_Party/FreeRTOS/Source/timers.o
 .bss.ucStaticTimerQueueStorage.6792
                0x0000000020000c2c       0xa0 Middlewares/Third_Party/FreeRTOS/Source/timers.o
 .bss.xStaticTimerQueue.6791
                0x0000000020000ccc       0x50 Middlewares/Third_Party/FreeRTOS/Source/timers.o
 .bss.ucMaxSysCallPriority
                0x0000000020000d1c        0x1 Middlewares/Third_Party/FreeRTOS/Source/portable/GCC/ARM_CM4F/port.o
 *fill*         0x0000000020000d1d        0x3 
 .bss.ulMaxPRIGROUPValue
                0x0000000020000d20        0x4 Middlewares/Third_Party/FreeRTOS/Source/portable/GCC/ARM_CM4F/port.o
 .bss.ucHeap    0x0000000020000d24     0x3c00 Middlewares/Third_Party/FreeRTOS/Source/portable/MemMang/heap_4.o
 .bss.xStart    0x0000000020004924        0x8 Middlewares/Third_Party/FreeRTOS/Source/portable/MemMang/heap_4.o
 .bss.pxEnd     0x000000002000492c        0x4 Middlewares/Third_Party/FreeRTOS/Source/portable/MemMang/heap_4.o
 .bss.xFreeBytesRemaining
                0x0000000020004930        0x4 Middlewares/Third_Party/FreeRTOS/Source/portable/MemMang/heap_4.o
 .bss.xMinimumEverFreeBytesRemaining
                0x0000000020004934        0x4 Middlewares/Third_Party/FreeRTOS/Source/portable/MemMang/heap_4.o
 .bss.xBlockAllocatedBit
                0x0000000020004938        0x4 Middlewares/Third_Party/FreeRTOS/Source/portable/MemMang/heap_4.o
 .bss.numberHandlers
                0x000000002000493c        0x1 Middlewares/Third_Party/MODBUS-LIB/Src/Modbus.o
                0x000000002000493c                numberHandlers
 *(COMMON)
 *fill*         0x000000002000493d        0x3 
 COMMON         0x0000000020004940      0x2d0 Core/Src/main.o
                0x0000000020004940                defaultTaskHandle
                0x0000000020004944                hspi2
                0x000000002000499c                uartData
                0x00000000200049ac                ModbusH
                0x0000000020004a38                imuDataTaskHandle
                0x0000000020004a3c                mHandlers
                0x0000000020004a44                utilTimerHandle
                0x0000000020004a48                bytesToRead
                0x0000000020004a4c                ModbusData
                0x0000000020004b4c                streamTimerHandle
                0x0000000020004b50                htim2
                0x0000000020004b90                spiTxBuffer
                0x0000000020004bb0                huart2
                0x0000000020004bf0                spiRxBuffer
 COMMON         0x0000000020004c10       0x40 Core/Src/stm32f4xx_hal_timebase_tim.o
                0x0000000020004c10                htim1
 COMMON         0x0000000020004c50        0x4 Drivers/STM32F4xx_HAL_Driver/Src/stm32f4xx_hal.o
                0x0000000020004c50                uwTick
 COMMON         0x0000000020004c54       0x40 Middlewares/Third_Party/FreeRTOS/Source/queue.o
                0x0000000020004c54                xQueueRegistry
                0x0000000020004c94                . = ALIGN (0x4)
                0x0000000020004c94                _ebss = .
                0x0000000020004c94                __bss_end__ = _ebss

._user_heap_stack
                0x0000000020004c94      0x604 load address 0x0000000008011564
                0x0000000020004c98                . = ALIGN (0x8)
 *fill*         0x0000000020004c94        0x4 
                [!provide]                        PROVIDE (end = .)
                0x0000000020004c98                PROVIDE (_end = .)
                0x0000000020004e98                . = (. + _Min_Heap_Size)
 *fill*         0x0000000020004c98      0x200 
                0x0000000020005298                . = (. + _Min_Stack_Size)
 *fill*         0x0000000020004e98      0x400 
                0x0000000020005298                . = ALIGN (0x8)

/DISCARD/
 libc.a(*)
 libm.a(*)
 libgcc.a(*)

.ARM.attributes
                0x0000000000000000       0x30
 *(.ARM.attributes)
 .ARM.attributes
                0x0000000000000000       0x22 /Applications/STM32CubeIDE.app/Contents/Eclipse/plugins/com.st.stm32cube.ide.mcu.externaltools.gnu-tools-for-stm32.7-2018-q2-update.macos64_1.4.0.202007081208/tools/bin/../lib/gcc/arm-none-eabi/7.3.1/thumb/v7e-m/fpv4-sp/hard/crti.o
 .ARM.attributes
                0x0000000000000022       0x34 /Applications/STM32CubeIDE.app/Contents/Eclipse/plugins/com.st.stm32cube.ide.mcu.externaltools.gnu-tools-for-stm32.7-2018-q2-update.macos64_1.4.0.202007081208/tools/bin/../lib/gcc/arm-none-eabi/7.3.1/thumb/v7e-m/fpv4-sp/hard/crtbegin.o
 .ARM.attributes
                0x0000000000000056       0x39 Core/Src/main.o
 .ARM.attributes
                0x000000000000008f       0x39 Core/Src/stm32f4xx_hal_msp.o
 .ARM.attributes
                0x00000000000000c8       0x39 Core/Src/stm32f4xx_hal_timebase_tim.o
 .ARM.attributes
                0x0000000000000101       0x39 Core/Src/stm32f4xx_it.o
 .ARM.attributes
                0x000000000000013a       0x39 Core/Src/system_stm32f4xx.o
 .ARM.attributes
                0x0000000000000173       0x21 Core/Startup/startup_stm32f411ceux.o
 .ARM.attributes
                0x0000000000000194       0x39 Drivers/STM32F4xx_HAL_Driver/Src/stm32f4xx_hal.o
 .ARM.attributes
                0x00000000000001cd       0x39 Drivers/STM32F4xx_HAL_Driver/Src/stm32f4xx_hal_cortex.o
 .ARM.attributes
                0x0000000000000206       0x39 Drivers/STM32F4xx_HAL_Driver/Src/stm32f4xx_hal_dma.o
 .ARM.attributes
                0x000000000000023f       0x39 Drivers/STM32F4xx_HAL_Driver/Src/stm32f4xx_hal_gpio.o
 .ARM.attributes
                0x0000000000000278       0x39 Drivers/STM32F4xx_HAL_Driver/Src/stm32f4xx_hal_rcc.o
 .ARM.attributes
                0x00000000000002b1       0x39 Drivers/STM32F4xx_HAL_Driver/Src/stm32f4xx_hal_rcc_ex.o
 .ARM.attributes
                0x00000000000002ea       0x39 Drivers/STM32F4xx_HAL_Driver/Src/stm32f4xx_hal_spi.o
 .ARM.attributes
                0x0000000000000323       0x39 Drivers/STM32F4xx_HAL_Driver/Src/stm32f4xx_hal_tim.o
 .ARM.attributes
                0x000000000000035c       0x39 Drivers/STM32F4xx_HAL_Driver/Src/stm32f4xx_hal_tim_ex.o
 .ARM.attributes
                0x0000000000000395       0x39 Drivers/STM32F4xx_HAL_Driver/Src/stm32f4xx_hal_uart.o
 .ARM.attributes
                0x00000000000003ce       0x39 Middlewares/Third_Party/FreeRTOS/Source/CMSIS_RTOS_V2/cmsis_os2.o
 .ARM.attributes
                0x0000000000000407       0x39 Middlewares/Third_Party/FreeRTOS/Source/list.o
 .ARM.attributes
                0x0000000000000440       0x39 Middlewares/Third_Party/FreeRTOS/Source/queue.o
 .ARM.attributes
                0x0000000000000479       0x39 Middlewares/Third_Party/FreeRTOS/Source/tasks.o
 .ARM.attributes
                0x00000000000004b2       0x39 Middlewares/Third_Party/FreeRTOS/Source/timers.o
 .ARM.attributes
                0x00000000000004eb       0x39 Middlewares/Third_Party/FreeRTOS/Source/portable/GCC/ARM_CM4F/port.o
 .ARM.attributes
                0x0000000000000524       0x39 Middlewares/Third_Party/FreeRTOS/Source/portable/MemMang/heap_4.o
 .ARM.attributes
                0x000000000000055d       0x39 Middlewares/Third_Party/MODBUS-LIB/Src/Modbus.o
 .ARM.attributes
                0x0000000000000596       0x39 Middlewares/Third_Party/MODBUS-LIB/Src/UARTCallback.o
 .ARM.attributes
                0x00000000000005cf       0x34 /Applications/STM32CubeIDE.app/Contents/Eclipse/plugins/com.st.stm32cube.ide.mcu.externaltools.gnu-tools-for-stm32.7-2018-q2-update.macos64_1.4.0.202007081208/tools/bin/../lib/gcc/arm-none-eabi/7.3.1/../../../../arm-none-eabi/lib/thumb/v7e-m/fpv4-sp/hard/libc_nano.a(lib_a-init.o)
 .ARM.attributes
                0x0000000000000603       0x34 /Applications/STM32CubeIDE.app/Contents/Eclipse/plugins/com.st.stm32cube.ide.mcu.externaltools.gnu-tools-for-stm32.7-2018-q2-update.macos64_1.4.0.202007081208/tools/bin/../lib/gcc/arm-none-eabi/7.3.1/../../../../arm-none-eabi/lib/thumb/v7e-m/fpv4-sp/hard/libc_nano.a(lib_a-memcpy-stub.o)
 .ARM.attributes
                0x0000000000000637       0x34 /Applications/STM32CubeIDE.app/Contents/Eclipse/plugins/com.st.stm32cube.ide.mcu.externaltools.gnu-tools-for-stm32.7-2018-q2-update.macos64_1.4.0.202007081208/tools/bin/../lib/gcc/arm-none-eabi/7.3.1/../../../../arm-none-eabi/lib/thumb/v7e-m/fpv4-sp/hard/libc_nano.a(lib_a-memset.o)
 .ARM.attributes
                0x000000000000066b       0x22 /Applications/STM32CubeIDE.app/Contents/Eclipse/plugins/com.st.stm32cube.ide.mcu.externaltools.gnu-tools-for-stm32.7-2018-q2-update.macos64_1.4.0.202007081208/tools/bin/../lib/gcc/arm-none-eabi/7.3.1/thumb/v7e-m/fpv4-sp/hard/libgcc.a(_aeabi_uldivmod.o)
 .ARM.attributes
                0x000000000000068d       0x34 /Applications/STM32CubeIDE.app/Contents/Eclipse/plugins/com.st.stm32cube.ide.mcu.externaltools.gnu-tools-for-stm32.7-2018-q2-update.macos64_1.4.0.202007081208/tools/bin/../lib/gcc/arm-none-eabi/7.3.1/thumb/v7e-m/fpv4-sp/hard/libgcc.a(_udivmoddi4.o)
 .ARM.attributes
                0x00000000000006c1       0x22 /Applications/STM32CubeIDE.app/Contents/Eclipse/plugins/com.st.stm32cube.ide.mcu.externaltools.gnu-tools-for-stm32.7-2018-q2-update.macos64_1.4.0.202007081208/tools/bin/../lib/gcc/arm-none-eabi/7.3.1/thumb/v7e-m/fpv4-sp/hard/libgcc.a(_dvmd_tls.o)
 .ARM.attributes
                0x00000000000006e3       0x22 /Applications/STM32CubeIDE.app/Contents/Eclipse/plugins/com.st.stm32cube.ide.mcu.externaltools.gnu-tools-for-stm32.7-2018-q2-update.macos64_1.4.0.202007081208/tools/bin/../lib/gcc/arm-none-eabi/7.3.1/thumb/v7e-m/fpv4-sp/hard/crtn.o
OUTPUT(CDL689-411CE.elf elf32-littlearm)

.debug_info     0x0000000000000000    0x1c92c
 .debug_info    0x0000000000000000     0x238b Core/Src/main.o
 .debug_info    0x000000000000238b     0x10b7 Core/Src/stm32f4xx_hal_msp.o
 .debug_info    0x0000000000003442      0xabf Core/Src/stm32f4xx_hal_timebase_tim.o
 .debug_info    0x0000000000003f01      0xb68 Core/Src/stm32f4xx_it.o
 .debug_info    0x0000000000004a69      0x57e Core/Src/system_stm32f4xx.o
 .debug_info    0x0000000000004fe7       0x22 Core/Startup/startup_stm32f411ceux.o
 .debug_info    0x0000000000005009      0x8d5 Drivers/STM32F4xx_HAL_Driver/Src/stm32f4xx_hal.o
 .debug_info    0x00000000000058de      0xd98 Drivers/STM32F4xx_HAL_Driver/Src/stm32f4xx_hal_cortex.o
 .debug_info    0x0000000000006676      0x960 Drivers/STM32F4xx_HAL_Driver/Src/stm32f4xx_hal_dma.o
 .debug_info    0x0000000000006fd6      0x7d7 Drivers/STM32F4xx_HAL_Driver/Src/stm32f4xx_hal_gpio.o
 .debug_info    0x00000000000077ad      0x92a Drivers/STM32F4xx_HAL_Driver/Src/stm32f4xx_hal_rcc.o
 .debug_info    0x00000000000080d7      0x618 Drivers/STM32F4xx_HAL_Driver/Src/stm32f4xx_hal_rcc_ex.o
 .debug_info    0x00000000000086ef     0x1632 Drivers/STM32F4xx_HAL_Driver/Src/stm32f4xx_hal_spi.o
 .debug_info    0x0000000000009d21     0x24a1 Drivers/STM32F4xx_HAL_Driver/Src/stm32f4xx_hal_tim.o
 .debug_info    0x000000000000c1c2     0x114f Drivers/STM32F4xx_HAL_Driver/Src/stm32f4xx_hal_tim_ex.o
 .debug_info    0x000000000000d311     0x1244 Drivers/STM32F4xx_HAL_Driver/Src/stm32f4xx_hal_uart.o
 .debug_info    0x000000000000e555     0x401f Middlewares/Third_Party/FreeRTOS/Source/CMSIS_RTOS_V2/cmsis_os2.o
 .debug_info    0x0000000000012574      0xacb Middlewares/Third_Party/FreeRTOS/Source/list.o
 .debug_info    0x000000000001303f     0x239c Middlewares/Third_Party/FreeRTOS/Source/queue.o
 .debug_info    0x00000000000153db     0x29c5 Middlewares/Third_Party/FreeRTOS/Source/tasks.o
 .debug_info    0x0000000000017da0     0x1aba Middlewares/Third_Party/FreeRTOS/Source/timers.o
 .debug_info    0x000000000001985a      0x533 Middlewares/Third_Party/FreeRTOS/Source/portable/GCC/ARM_CM4F/port.o
 .debug_info    0x0000000000019d8d      0xbea Middlewares/Third_Party/FreeRTOS/Source/portable/MemMang/heap_4.o
 .debug_info    0x000000000001a977     0x16ce Middlewares/Third_Party/MODBUS-LIB/Src/Modbus.o
 .debug_info    0x000000000001c045      0x8e7 Middlewares/Third_Party/MODBUS-LIB/Src/UARTCallback.o

.debug_abbrev   0x0000000000000000     0x3690
 .debug_abbrev  0x0000000000000000      0x330 Core/Src/main.o
 .debug_abbrev  0x0000000000000330      0x1a6 Core/Src/stm32f4xx_hal_msp.o
 .debug_abbrev  0x00000000000004d6      0x1ac Core/Src/stm32f4xx_hal_timebase_tim.o
 .debug_abbrev  0x0000000000000682      0x169 Core/Src/stm32f4xx_it.o
 .debug_abbrev  0x00000000000007eb      0x12b Core/Src/system_stm32f4xx.o
 .debug_abbrev  0x0000000000000916       0x12 Core/Startup/startup_stm32f411ceux.o
 .debug_abbrev  0x0000000000000928      0x1f2 Drivers/STM32F4xx_HAL_Driver/Src/stm32f4xx_hal.o
 .debug_abbrev  0x0000000000000b1a      0x2fa Drivers/STM32F4xx_HAL_Driver/Src/stm32f4xx_hal_cortex.o
 .debug_abbrev  0x0000000000000e14      0x1f1 Drivers/STM32F4xx_HAL_Driver/Src/stm32f4xx_hal_dma.o
 .debug_abbrev  0x0000000000001005      0x1c9 Drivers/STM32F4xx_HAL_Driver/Src/stm32f4xx_hal_gpio.o
 .debug_abbrev  0x00000000000011ce      0x245 Drivers/STM32F4xx_HAL_Driver/Src/stm32f4xx_hal_rcc.o
 .debug_abbrev  0x0000000000001413      0x173 Drivers/STM32F4xx_HAL_Driver/Src/stm32f4xx_hal_rcc_ex.o
 .debug_abbrev  0x0000000000001586      0x240 Drivers/STM32F4xx_HAL_Driver/Src/stm32f4xx_hal_spi.o
 .debug_abbrev  0x00000000000017c6      0x23f Drivers/STM32F4xx_HAL_Driver/Src/stm32f4xx_hal_tim.o
 .debug_abbrev  0x0000000000001a05      0x22d Drivers/STM32F4xx_HAL_Driver/Src/stm32f4xx_hal_tim_ex.o
 .debug_abbrev  0x0000000000001c32      0x251 Drivers/STM32F4xx_HAL_Driver/Src/stm32f4xx_hal_uart.o
 .debug_abbrev  0x0000000000001e83      0x3c3 Middlewares/Third_Party/FreeRTOS/Source/CMSIS_RTOS_V2/cmsis_os2.o
 .debug_abbrev  0x0000000000002246      0x1cf Middlewares/Third_Party/FreeRTOS/Source/list.o
 .debug_abbrev  0x0000000000002415      0x336 Middlewares/Third_Party/FreeRTOS/Source/queue.o
 .debug_abbrev  0x000000000000274b      0x350 Middlewares/Third_Party/FreeRTOS/Source/tasks.o
 .debug_abbrev  0x0000000000002a9b      0x2d7 Middlewares/Third_Party/FreeRTOS/Source/timers.o
 .debug_abbrev  0x0000000000002d72      0x210 Middlewares/Third_Party/FreeRTOS/Source/portable/GCC/ARM_CM4F/port.o
 .debug_abbrev  0x0000000000002f82      0x29e Middlewares/Third_Party/FreeRTOS/Source/portable/MemMang/heap_4.o
 .debug_abbrev  0x0000000000003220      0x2e9 Middlewares/Third_Party/MODBUS-LIB/Src/Modbus.o
 .debug_abbrev  0x0000000000003509      0x187 Middlewares/Third_Party/MODBUS-LIB/Src/UARTCallback.o

.debug_aranges  0x0000000000000000     0x1698
 .debug_aranges
                0x0000000000000000       0x98 Core/Src/main.o
 .debug_aranges
                0x0000000000000098       0x50 Core/Src/stm32f4xx_hal_msp.o
 .debug_aranges
                0x00000000000000e8       0x30 Core/Src/stm32f4xx_hal_timebase_tim.o
 .debug_aranges
                0x0000000000000118       0x68 Core/Src/stm32f4xx_it.o
 .debug_aranges
                0x0000000000000180       0x28 Core/Src/system_stm32f4xx.o
 .debug_aranges
                0x00000000000001a8       0x28 Core/Startup/startup_stm32f411ceux.o
 .debug_aranges
                0x00000000000001d0       0xf0 Drivers/STM32F4xx_HAL_Driver/Src/stm32f4xx_hal.o
 .debug_aranges
                0x00000000000002c0      0x118 Drivers/STM32F4xx_HAL_Driver/Src/stm32f4xx_hal_cortex.o
 .debug_aranges
                0x00000000000003d8       0x90 Drivers/STM32F4xx_HAL_Driver/Src/stm32f4xx_hal_dma.o
 .debug_aranges
                0x0000000000000468       0x58 Drivers/STM32F4xx_HAL_Driver/Src/stm32f4xx_hal_gpio.o
 .debug_aranges
                0x00000000000004c0       0x88 Drivers/STM32F4xx_HAL_Driver/Src/stm32f4xx_hal_rcc.o
 .debug_aranges
                0x0000000000000548       0x50 Drivers/STM32F4xx_HAL_Driver/Src/stm32f4xx_hal_rcc_ex.o
 .debug_aranges
                0x0000000000000598      0x1d0 Drivers/STM32F4xx_HAL_Driver/Src/stm32f4xx_hal_spi.o
 .debug_aranges
                0x0000000000000768      0x3a8 Drivers/STM32F4xx_HAL_Driver/Src/stm32f4xx_hal_tim.o
 .debug_aranges
                0x0000000000000b10      0x150 Drivers/STM32F4xx_HAL_Driver/Src/stm32f4xx_hal_tim_ex.o
 .debug_aranges
                0x0000000000000c60      0x1d0 Drivers/STM32F4xx_HAL_Driver/Src/stm32f4xx_hal_uart.o
 .debug_aranges
                0x0000000000000e30      0x228 Middlewares/Third_Party/FreeRTOS/Source/CMSIS_RTOS_V2/cmsis_os2.o
 .debug_aranges
                0x0000000000001058       0x40 Middlewares/Third_Party/FreeRTOS/Source/list.o
 .debug_aranges
                0x0000000000001098      0x158 Middlewares/Third_Party/FreeRTOS/Source/queue.o
 .debug_aranges
                0x00000000000011f0      0x1f8 Middlewares/Third_Party/FreeRTOS/Source/tasks.o
 .debug_aranges
                0x00000000000013e8       0xe8 Middlewares/Third_Party/FreeRTOS/Source/timers.o
 .debug_aranges
                0x00000000000014d0       0x80 Middlewares/Third_Party/FreeRTOS/Source/portable/GCC/ARM_CM4F/port.o
 .debug_aranges
                0x0000000000001550       0x50 Middlewares/Third_Party/FreeRTOS/Source/portable/MemMang/heap_4.o
 .debug_aranges
                0x00000000000015a0       0xd8 Middlewares/Third_Party/MODBUS-LIB/Src/Modbus.o
 .debug_aranges
                0x0000000000001678       0x20 Middlewares/Third_Party/MODBUS-LIB/Src/UARTCallback.o

.debug_ranges   0x0000000000000000     0x1510
 .debug_ranges  0x0000000000000000       0x88 Core/Src/main.o
 .debug_ranges  0x0000000000000088       0x40 Core/Src/stm32f4xx_hal_msp.o
 .debug_ranges  0x00000000000000c8       0x20 Core/Src/stm32f4xx_hal_timebase_tim.o
 .debug_ranges  0x00000000000000e8       0x58 Core/Src/stm32f4xx_it.o
 .debug_ranges  0x0000000000000140       0x18 Core/Src/system_stm32f4xx.o
 .debug_ranges  0x0000000000000158       0x20 Core/Startup/startup_stm32f411ceux.o
 .debug_ranges  0x0000000000000178       0xe0 Drivers/STM32F4xx_HAL_Driver/Src/stm32f4xx_hal.o
 .debug_ranges  0x0000000000000258      0x108 Drivers/STM32F4xx_HAL_Driver/Src/stm32f4xx_hal_cortex.o
 .debug_ranges  0x0000000000000360       0x80 Drivers/STM32F4xx_HAL_Driver/Src/stm32f4xx_hal_dma.o
 .debug_ranges  0x00000000000003e0       0x48 Drivers/STM32F4xx_HAL_Driver/Src/stm32f4xx_hal_gpio.o
 .debug_ranges  0x0000000000000428       0x78 Drivers/STM32F4xx_HAL_Driver/Src/stm32f4xx_hal_rcc.o
 .debug_ranges  0x00000000000004a0       0x40 Drivers/STM32F4xx_HAL_Driver/Src/stm32f4xx_hal_rcc_ex.o
 .debug_ranges  0x00000000000004e0      0x1c0 Drivers/STM32F4xx_HAL_Driver/Src/stm32f4xx_hal_spi.o
 .debug_ranges  0x00000000000006a0      0x398 Drivers/STM32F4xx_HAL_Driver/Src/stm32f4xx_hal_tim.o
 .debug_ranges  0x0000000000000a38      0x140 Drivers/STM32F4xx_HAL_Driver/Src/stm32f4xx_hal_tim_ex.o
 .debug_ranges  0x0000000000000b78      0x1c0 Drivers/STM32F4xx_HAL_Driver/Src/stm32f4xx_hal_uart.o
 .debug_ranges  0x0000000000000d38      0x218 Middlewares/Third_Party/FreeRTOS/Source/CMSIS_RTOS_V2/cmsis_os2.o
 .debug_ranges  0x0000000000000f50       0x30 Middlewares/Third_Party/FreeRTOS/Source/list.o
 .debug_ranges  0x0000000000000f80      0x148 Middlewares/Third_Party/FreeRTOS/Source/queue.o
 .debug_ranges  0x00000000000010c8      0x1e8 Middlewares/Third_Party/FreeRTOS/Source/tasks.o
 .debug_ranges  0x00000000000012b0       0xd8 Middlewares/Third_Party/FreeRTOS/Source/timers.o
 .debug_ranges  0x0000000000001388       0x70 Middlewares/Third_Party/FreeRTOS/Source/portable/GCC/ARM_CM4F/port.o
 .debug_ranges  0x00000000000013f8       0x40 Middlewares/Third_Party/FreeRTOS/Source/portable/MemMang/heap_4.o
 .debug_ranges  0x0000000000001438       0xc8 Middlewares/Third_Party/MODBUS-LIB/Src/Modbus.o
 .debug_ranges  0x0000000000001500       0x10 Middlewares/Third_Party/MODBUS-LIB/Src/UARTCallback.o

.debug_macro    0x0000000000000000     0x3ed3
 .debug_macro   0x0000000000000000      0x36a Core/Src/main.o
 .debug_macro   0x000000000000036a      0x137 Core/Src/main.o
 .debug_macro   0x00000000000004a1       0x66 Core/Src/main.o
 .debug_macro   0x0000000000000507       0x74 Core/Src/main.o
 .debug_macro   0x000000000000057b       0xdd Core/Src/main.o
 .debug_macro   0x0000000000000658       0x22 Core/Src/main.o
 .debug_macro   0x000000000000067a       0x46 Core/Src/main.o
 .debug_macro   0x00000000000006c0       0x18 Core/Src/main.o
 .debug_macro   0x00000000000006d8       0x3c Core/Src/main.o
 .debug_macro   0x0000000000000714       0x34 Core/Src/main.o
 .debug_macro   0x0000000000000748       0x52 Core/Src/main.o
 .debug_macro   0x000000000000079a       0x1f Core/Src/main.o
 .debug_macro   0x00000000000007b9       0x43 Core/Src/main.o
 .debug_macro   0x00000000000007fc       0x20 Core/Src/main.o
 .debug_macro   0x000000000000081c      0x1a3 Core/Src/main.o
 .debug_macro   0x00000000000009bf      0x32a Core/Src/main.o
 .debug_macro   0x0000000000000ce9       0x10 Core/Src/main.o
 .debug_macro   0x0000000000000cf9       0x35 Core/Src/main.o
 .debug_macro   0x0000000000000d2e       0x20 Core/Src/main.o
 .debug_macro   0x0000000000000d4e       0x91 Core/Src/main.o
 .debug_macro   0x0000000000000ddf       0x22 Core/Src/main.o
 .debug_macro   0x0000000000000e01      0x1e7 Core/Src/stm32f4xx_hal_msp.o
 .debug_macro   0x0000000000000fe8      0x1d8 Core/Src/stm32f4xx_hal_timebase_tim.o
 .debug_macro   0x00000000000011c0      0x1f1 Core/Src/stm32f4xx_it.o
 .debug_macro   0x00000000000013b1      0x1de Core/Src/system_stm32f4xx.o
 .debug_macro   0x000000000000158f      0x238 Drivers/STM32F4xx_HAL_Driver/Src/stm32f4xx_hal.o
 .debug_macro   0x00000000000017c7      0x1d8 Drivers/STM32F4xx_HAL_Driver/Src/stm32f4xx_hal_cortex.o
 .debug_macro   0x000000000000199f      0x1de Drivers/STM32F4xx_HAL_Driver/Src/stm32f4xx_hal_dma.o
 .debug_macro   0x0000000000001b7d      0x20e Drivers/STM32F4xx_HAL_Driver/Src/stm32f4xx_hal_gpio.o
 .debug_macro   0x0000000000001d8b      0x1fc Drivers/STM32F4xx_HAL_Driver/Src/stm32f4xx_hal_rcc.o
 .debug_macro   0x0000000000001f87      0x1d8 Drivers/STM32F4xx_HAL_Driver/Src/stm32f4xx_hal_rcc_ex.o
 .debug_macro   0x000000000000215f      0x1e7 Drivers/STM32F4xx_HAL_Driver/Src/stm32f4xx_hal_spi.o
 .debug_macro   0x0000000000002346      0x1d9 Drivers/STM32F4xx_HAL_Driver/Src/stm32f4xx_hal_tim.o
 .debug_macro   0x000000000000251f      0x1d8 Drivers/STM32F4xx_HAL_Driver/Src/stm32f4xx_hal_tim_ex.o
 .debug_macro   0x00000000000026f7      0x1d9 Drivers/STM32F4xx_HAL_Driver/Src/stm32f4xx_hal_uart.o
 .debug_macro   0x00000000000028d0      0x23a Middlewares/Third_Party/FreeRTOS/Source/CMSIS_RTOS_V2/cmsis_os2.o
 .debug_macro   0x0000000000002b0a       0x10 Middlewares/Third_Party/FreeRTOS/Source/CMSIS_RTOS_V2/cmsis_os2.o
 .debug_macro   0x0000000000002b1a       0xd3 Middlewares/Third_Party/FreeRTOS/Source/CMSIS_RTOS_V2/cmsis_os2.o
 .debug_macro   0x0000000000002bed       0x8d Middlewares/Third_Party/FreeRTOS/Source/CMSIS_RTOS_V2/cmsis_os2.o
 .debug_macro   0x0000000000002c7a       0x9a Middlewares/Third_Party/FreeRTOS/Source/CMSIS_RTOS_V2/cmsis_os2.o
 .debug_macro   0x0000000000002d14      0x17a Middlewares/Third_Party/FreeRTOS/Source/list.o
 .debug_macro   0x0000000000002e8e      0x209 Middlewares/Third_Party/FreeRTOS/Source/queue.o
 .debug_macro   0x0000000000003097       0x16 Middlewares/Third_Party/FreeRTOS/Source/queue.o
 .debug_macro   0x00000000000030ad       0x87 Middlewares/Third_Party/FreeRTOS/Source/queue.o
 .debug_macro   0x0000000000003134      0x272 Middlewares/Third_Party/FreeRTOS/Source/tasks.o
 .debug_macro   0x00000000000033a6       0x10 Middlewares/Third_Party/FreeRTOS/Source/tasks.o
 .debug_macro   0x00000000000033b6      0x1cf Middlewares/Third_Party/FreeRTOS/Source/timers.o
 .debug_macro   0x0000000000003585       0x97 Middlewares/Third_Party/FreeRTOS/Source/timers.o
 .debug_macro   0x000000000000361c      0x196 Middlewares/Third_Party/FreeRTOS/Source/portable/GCC/ARM_CM4F/port.o
 .debug_macro   0x00000000000037b2      0x1a1 Middlewares/Third_Party/FreeRTOS/Source/portable/MemMang/heap_4.o
 .debug_macro   0x0000000000003953      0x2de Middlewares/Third_Party/MODBUS-LIB/Src/Modbus.o
 .debug_macro   0x0000000000003c31      0x2a2 Middlewares/Third_Party/MODBUS-LIB/Src/UARTCallback.o

.debug_line     0x0000000000000000    0x1220d
 .debug_line    0x0000000000000000      0xc6a Core/Src/main.o
 .debug_line    0x0000000000000c6a      0x795 Core/Src/stm32f4xx_hal_msp.o
 .debug_line    0x00000000000013ff      0x73c Core/Src/stm32f4xx_hal_timebase_tim.o
 .debug_line    0x0000000000001b3b      0x7c0 Core/Src/stm32f4xx_it.o
 .debug_line    0x00000000000022fb      0x723 Core/Src/system_stm32f4xx.o
 .debug_line    0x0000000000002a1e       0x85 Core/Startup/startup_stm32f411ceux.o
 .debug_line    0x0000000000002aa3      0x90d Drivers/STM32F4xx_HAL_Driver/Src/stm32f4xx_hal.o
 .debug_line    0x00000000000033b0      0xa31 Drivers/STM32F4xx_HAL_Driver/Src/stm32f4xx_hal_cortex.o
 .debug_line    0x0000000000003de1      0x9db Drivers/STM32F4xx_HAL_Driver/Src/stm32f4xx_hal_dma.o
 .debug_line    0x00000000000047bc      0x8b0 Drivers/STM32F4xx_HAL_Driver/Src/stm32f4xx_hal_gpio.o
 .debug_line    0x000000000000506c      0x965 Drivers/STM32F4xx_HAL_Driver/Src/stm32f4xx_hal_rcc.o
 .debug_line    0x00000000000059d1      0x84a Drivers/STM32F4xx_HAL_Driver/Src/stm32f4xx_hal_rcc_ex.o
 .debug_line    0x000000000000621b     0x10c9 Drivers/STM32F4xx_HAL_Driver/Src/stm32f4xx_hal_spi.o
 .debug_line    0x00000000000072e4     0x17ca Drivers/STM32F4xx_HAL_Driver/Src/stm32f4xx_hal_tim.o
 .debug_line    0x0000000000008aae      0xd18 Drivers/STM32F4xx_HAL_Driver/Src/stm32f4xx_hal_tim_ex.o
 .debug_line    0x00000000000097c6     0x101b Drivers/STM32F4xx_HAL_Driver/Src/stm32f4xx_hal_uart.o
 .debug_line    0x000000000000a7e1     0x1e5c Middlewares/Third_Party/FreeRTOS/Source/CMSIS_RTOS_V2/cmsis_os2.o
 .debug_line    0x000000000000c63d      0x6a8 Middlewares/Third_Party/FreeRTOS/Source/list.o
 .debug_line    0x000000000000cce5     0x113d Middlewares/Third_Party/FreeRTOS/Source/queue.o
 .debug_line    0x000000000000de22     0x1445 Middlewares/Third_Party/FreeRTOS/Source/tasks.o
 .debug_line    0x000000000000f267      0xabb Middlewares/Third_Party/FreeRTOS/Source/timers.o
 .debug_line    0x000000000000fd22      0x6d3 Middlewares/Third_Party/FreeRTOS/Source/portable/GCC/ARM_CM4F/port.o
 .debug_line    0x00000000000103f5      0x78e Middlewares/Third_Party/FreeRTOS/Source/portable/MemMang/heap_4.o
 .debug_line    0x0000000000010b83      0xdb0 Middlewares/Third_Party/MODBUS-LIB/Src/Modbus.o
 .debug_line    0x0000000000011933      0x8da Middlewares/Third_Party/MODBUS-LIB/Src/UARTCallback.o

.debug_str      0x0000000000000000    0x984d4
 .debug_str     0x0000000000000000    0x8fbd7 Core/Src/main.o
                                      0x90038 (size before relaxing)
 .debug_str     0x000000000008fbd7      0x43a Core/Src/stm32f4xx_hal_msp.o
                                      0x87838 (size before relaxing)
 .debug_str     0x0000000000090011       0x98 Core/Src/stm32f4xx_hal_timebase_tim.o
                                      0x874b7 (size before relaxing)
 .debug_str     0x00000000000900a9       0xdd Core/Src/stm32f4xx_it.o
                                      0x87368 (size before relaxing)
 .debug_str     0x0000000000090186       0x70 Core/Src/system_stm32f4xx.o
                                      0x86c99 (size before relaxing)
 .debug_str     0x00000000000901f6       0x36 Core/Startup/startup_stm32f411ceux.o
                                         0x7f (size before relaxing)
 .debug_str     0x000000000009022c      0x52a Drivers/STM32F4xx_HAL_Driver/Src/stm32f4xx_hal.o
                                      0x8760e (size before relaxing)
 .debug_str     0x0000000000090756      0x383 Drivers/STM32F4xx_HAL_Driver/Src/stm32f4xx_hal_cortex.o
                                      0x873eb (size before relaxing)
 .debug_str     0x0000000000090ad9      0x318 Drivers/STM32F4xx_HAL_Driver/Src/stm32f4xx_hal_dma.o
                                      0x8709c (size before relaxing)
 .debug_str     0x0000000000090df1      0x1e9 Drivers/STM32F4xx_HAL_Driver/Src/stm32f4xx_hal_gpio.o
                                      0x86ed8 (size before relaxing)
 .debug_str     0x0000000000090fda      0x24f Drivers/STM32F4xx_HAL_Driver/Src/stm32f4xx_hal_rcc.o
                                      0x87086 (size before relaxing)
 .debug_str     0x0000000000091229      0x1aa Drivers/STM32F4xx_HAL_Driver/Src/stm32f4xx_hal_rcc_ex.o