core_cm4.h:1939:34:__NVIC_SystemReset	4	static,ignoring_inline_asm
main.c:127:6:JumpToBootloader	16	static,ignoring_inline_asm
main.c:212:13:VectorBase_Config	4	static
main.c:229:5:main	24	static
main.c:333:6:SystemClock_Config	88	static
main.c:377:13:MX_SPI2_Init	8	static
main.c:415:13:MX_TIM2_Init	32	static
main.c:460:13:MX_USART2_UART_Init	8	static
main.c:493:13:MX_GPIO_Init	40	static
main.c:534:6:HAL_SPI_TxRxCpltCallback	16	static
main.c:606:6:StartDefaultTask	16	static
main.c:626:6:startImuDataTask	24	static
main.c:768:6:streamTimerCallback	16	static
main.c:776:6:utilTimerCallback	16	static
main.c:794:6:HAL_TIM_PeriodElapsedCallback	16	static
main.c:816:6:Error_Handler	4	static
